Archive member included to satisfy reference by file (symbol)

D:/Softwares/STM32CubeIDE_1.15.1/STM32CubeIDE/plugins/com.st.stm32cube.ide.mcu.externaltools.gnu-tools-for-stm32.12.3.rel1.win32_1.0.100.202403111256/tools/bin/../lib/gcc/arm-none-eabi/12.3.1/../../../../arm-none-eabi/lib/thumb/v7e-m+fp/hard\libc_nano.a(libc_a-exit.o)
                              D:/Softwares/STM32CubeIDE_1.15.1/STM32CubeIDE/plugins/com.st.stm32cube.ide.mcu.externaltools.gnu-tools-for-stm32.12.3.rel1.win32_1.0.100.202403111256/tools/bin/../lib/gcc/arm-none-eabi/12.3.1/../../../../arm-none-eabi/lib/thumb/v7e-m+fp/hard/crt0.o (exit)
D:/Softwares/STM32CubeIDE_1.15.1/STM32CubeIDE/plugins/com.st.stm32cube.ide.mcu.externaltools.gnu-tools-for-stm32.12.3.rel1.win32_1.0.100.202403111256/tools/bin/../lib/gcc/arm-none-eabi/12.3.1/../../../../arm-none-eabi/lib/thumb/v7e-m+fp/hard\libc_nano.a(libc_a-malloc.o)
                              ./Core/ThreadSafe/newlib_lock_glue.o (malloc)
D:/Softwares/STM32CubeIDE_1.15.1/STM32CubeIDE/plugins/com.st.stm32cube.ide.mcu.externaltools.gnu-tools-for-stm32.12.3.rel1.win32_1.0.100.202403111256/tools/bin/../lib/gcc/arm-none-eabi/12.3.1/../../../../arm-none-eabi/lib/thumb/v7e-m+fp/hard\libc_nano.a(libc_a-mallocr.o)
                              D:/Softwares/STM32CubeIDE_1.15.1/STM32CubeIDE/plugins/com.st.stm32cube.ide.mcu.externaltools.gnu-tools-for-stm32.12.3.rel1.win32_1.0.100.202403111256/tools/bin/../lib/gcc/arm-none-eabi/12.3.1/../../../../arm-none-eabi/lib/thumb/v7e-m+fp/hard\libc_nano.a(libc_a-malloc.o) (_malloc_r)
D:/Softwares/STM32CubeIDE_1.15.1/STM32CubeIDE/plugins/com.st.stm32cube.ide.mcu.externaltools.gnu-tools-for-stm32.12.3.rel1.win32_1.0.100.202403111256/tools/bin/../lib/gcc/arm-none-eabi/12.3.1/../../../../arm-none-eabi/lib/thumb/v7e-m+fp/hard\libc_nano.a(libc_a-mlock.o)
                              D:/Softwares/STM32CubeIDE_1.15.1/STM32CubeIDE/plugins/com.st.stm32cube.ide.mcu.externaltools.gnu-tools-for-stm32.12.3.rel1.win32_1.0.100.202403111256/tools/bin/../lib/gcc/arm-none-eabi/12.3.1/../../../../arm-none-eabi/lib/thumb/v7e-m+fp/hard\libc_nano.a(libc_a-mallocr.o) (__malloc_lock)
D:/Softwares/STM32CubeIDE_1.15.1/STM32CubeIDE/plugins/com.st.stm32cube.ide.mcu.externaltools.gnu-tools-for-stm32.12.3.rel1.win32_1.0.100.202403111256/tools/bin/../lib/gcc/arm-none-eabi/12.3.1/../../../../arm-none-eabi/lib/thumb/v7e-m+fp/hard\libc_nano.a(libc_a-findfp.o)
                              ./Middlewares/Third_Party/FreeRTOS/Source/tasks.o (__sf)
D:/Softwares/STM32CubeIDE_1.15.1/STM32CubeIDE/plugins/com.st.stm32cube.ide.mcu.externaltools.gnu-tools-for-stm32.12.3.rel1.win32_1.0.100.202403111256/tools/bin/../lib/gcc/arm-none-eabi/12.3.1/../../../../arm-none-eabi/lib/thumb/v7e-m+fp/hard\libc_nano.a(libc_a-fwalk.o)
                              D:/Softwares/STM32CubeIDE_1.15.1/STM32CubeIDE/plugins/com.st.stm32cube.ide.mcu.externaltools.gnu-tools-for-stm32.12.3.rel1.win32_1.0.100.202403111256/tools/bin/../lib/gcc/arm-none-eabi/12.3.1/../../../../arm-none-eabi/lib/thumb/v7e-m+fp/hard\libc_nano.a(libc_a-findfp.o) (_fwalk_sglue)
D:/Softwares/STM32CubeIDE_1.15.1/STM32CubeIDE/plugins/com.st.stm32cube.ide.mcu.externaltools.gnu-tools-for-stm32.12.3.rel1.win32_1.0.100.202403111256/tools/bin/../lib/gcc/arm-none-eabi/12.3.1/../../../../arm-none-eabi/lib/thumb/v7e-m+fp/hard\libc_nano.a(libc_a-puts.o)
                              ./BSP/Src/Drv_ppm.o (puts)
D:/Softwares/STM32CubeIDE_1.15.1/STM32CubeIDE/plugins/com.st.stm32cube.ide.mcu.externaltools.gnu-tools-for-stm32.12.3.rel1.win32_1.0.100.202403111256/tools/bin/../lib/gcc/arm-none-eabi/12.3.1/../../../../arm-none-eabi/lib/thumb/v7e-m+fp/hard\libc_nano.a(libc_a-stdio.o)
                              D:/Softwares/STM32CubeIDE_1.15.1/STM32CubeIDE/plugins/com.st.stm32cube.ide.mcu.externaltools.gnu-tools-for-stm32.12.3.rel1.win32_1.0.100.202403111256/tools/bin/../lib/gcc/arm-none-eabi/12.3.1/../../../../arm-none-eabi/lib/thumb/v7e-m+fp/hard\libc_nano.a(libc_a-findfp.o) (__sread)
D:/Softwares/STM32CubeIDE_1.15.1/STM32CubeIDE/plugins/com.st.stm32cube.ide.mcu.externaltools.gnu-tools-for-stm32.12.3.rel1.win32_1.0.100.202403111256/tools/bin/../lib/gcc/arm-none-eabi/12.3.1/../../../../arm-none-eabi/lib/thumb/v7e-m+fp/hard\libc_nano.a(libc_a-wbuf.o)
                              D:/Softwares/STM32CubeIDE_1.15.1/STM32CubeIDE/plugins/com.st.stm32cube.ide.mcu.externaltools.gnu-tools-for-stm32.12.3.rel1.win32_1.0.100.202403111256/tools/bin/../lib/gcc/arm-none-eabi/12.3.1/../../../../arm-none-eabi/lib/thumb/v7e-m+fp/hard\libc_nano.a(libc_a-puts.o) (__swbuf_r)
D:/Softwares/STM32CubeIDE_1.15.1/STM32CubeIDE/plugins/com.st.stm32cube.ide.mcu.externaltools.gnu-tools-for-stm32.12.3.rel1.win32_1.0.100.202403111256/tools/bin/../lib/gcc/arm-none-eabi/12.3.1/../../../../arm-none-eabi/lib/thumb/v7e-m+fp/hard\libc_nano.a(libc_a-wsetup.o)
[...]
Memory Configuration

Name             Origin             Length             Attributes
RAM              0x20000000         0x00008000         xrw
FLASH            0x08000000         0x00020000         xr
*default*        0x00000000         0xffffffff

Linker script and memory map

LOAD D:/Softwares/STM32CubeIDE_1.15.1/STM32CubeIDE/plugins/com.st.stm32cube.ide.mcu.externaltools.gnu-tools-for-stm32.12.3.rel1.win32_1.0.100.202403111256/tools/bin/../lib/gcc/arm-none-eabi/12.3.1/thumb/v7e-m+fp/hard/crti.o
LOAD D:/Softwares/STM32CubeIDE_1.15.1/STM32CubeIDE/plugins/com.st.stm32cube.ide.mcu.externaltools.gnu-tools-for-stm32.12.3.rel1.win32_1.0.100.202403111256/tools/bin/../lib/gcc/arm-none-eabi/12.3.1/thumb/v7e-m+fp/hard/crtbegin.o
LOAD D:/Softwares/STM32CubeIDE_1.15.1/STM32CubeIDE/plugins/com.st.stm32cube.ide.mcu.externaltools.gnu-tools-for-stm32.12.3.rel1.win32_1.0.100.202403111256/tools/bin/../lib/gcc/arm-none-eabi/12.3.1/../../../../arm-none-eabi/lib/thumb/v7e-m+fp/hard/crt0.o
LOAD ./BSP/Src/Drv_ppm.o
LOAD ./BSP/Src/Drv_ws2812.o
LOAD ./Control/Src/Chassis.o
LOAD ./Control/Src/Motor.o
LOAD ./Control/Src/PID.o
LOAD ./Control/Src/Ring.o
LOAD ./Control/Src/Teleop.o
LOAD ./Core/Src/crc.o
LOAD ./Core/Src/freertos.o
LOAD ./Core/Src/gpio.o
LOAD ./Core/Src/i2c.o
LOAD ./Core/Src/main.o
LOAD ./Core/Src/spi.o
LOAD ./Core/Src/stm32g4xx_hal_msp.o
LOAD ./Core/Src/stm32g4xx_hal_timebase_tim.o
LOAD ./Core/Src/stm32g4xx_it.o
LOAD ./Core/Src/syscalls.o
LOAD ./Core/Src/sysmem.o
LOAD ./Core/Src/system_stm32g4xx.o
LOAD ./Core/Src/tim.o
LOAD ./Core/Src/usart.o
LOAD ./Core/Startup/startup_stm32g431cbux.o
LOAD ./Core/ThreadSafe/newlib_lock_glue.o
LOAD ./Drivers/STM32G4xx_HAL_Driver/Src/stm32g4xx_hal.o
LOAD ./Drivers/STM32G4xx_HAL_Driver/Src/stm32g4xx_hal_cortex.o
LOAD ./Drivers/STM32G4xx_HAL_Driver/Src/stm32g4xx_hal_crc.o
LOAD ./Drivers/STM32G4xx_HAL_Driver/Src/stm32g4xx_hal_crc_ex.o
LOAD ./Drivers/STM32G4xx_HAL_Driver/Src/stm32g4xx_hal_dma.o
LOAD ./Drivers/STM32G4xx_HAL_Driver/Src/stm32g4xx_hal_dma_ex.o
LOAD ./Drivers/STM32G4xx_HAL_Driver/Src/stm32g4xx_hal_exti.o
LOAD ./Drivers/STM32G4xx_HAL_Driver/Src/stm32g4xx_hal_flash.o
LOAD ./Drivers/STM32G4xx_HAL_Driver/Src/stm32g4xx_hal_flash_ex.o
LOAD ./Drivers/STM32G4xx_HAL_Driver/Src/stm32g4xx_hal_flash_ramfunc.o
LOAD ./Drivers/STM32G4xx_HAL_Driver/Src/stm32g4xx_hal_gpio.o
LOAD ./Drivers/STM32G4xx_HAL_Driver/Src/stm32g4xx_hal_i2c.o
LOAD ./Drivers/STM32G4xx_HAL_Driver/Src/stm32g4xx_hal_i2c_ex.o
LOAD ./Drivers/STM32G4xx_HAL_Driver/Src/stm32g4xx_hal_pcd.o
LOAD ./Drivers/STM32G4xx_HAL_Driver/Src/stm32g4xx_hal_pcd_ex.o
LOAD ./Drivers/STM32G4xx_HAL_Driver/Src/stm32g4xx_hal_pwr.o
LOAD ./Drivers/STM32G4xx_HAL_Driver/Src/stm32g4xx_hal_pwr_ex.o
LOAD ./Drivers/STM32G4xx_HAL_Driver/Src/stm32g4xx_hal_rcc.o
LOAD ./Drivers/STM32G4xx_HAL_Driver/Src/stm32g4xx_hal_rcc_ex.o
LOAD ./Drivers/STM32G4xx_HAL_Driver/Src/stm32g4xx_hal_spi.o
LOAD ./Drivers/STM32G4xx_HAL_Driver/Src/stm32g4xx_hal_spi_ex.o
LOAD ./Drivers/STM32G4xx_HAL_Driver/Src/stm32g4xx_hal_tim.o
LOAD ./Drivers/STM32G4xx_HAL_Driver/Src/stm32g4xx_hal_tim_ex.o
LOAD ./Drivers/STM32G4xx_HAL_Driver/Src/stm32g4xx_hal_uart.o
LOAD ./Drivers/STM32G4xx_HAL_Driver/Src/stm32g4xx_hal_uart_ex.o
LOAD ./Drivers/STM32G4xx_HAL_Driver/Src/stm32g4xx_ll_usb.o
LOAD ./Middlewares/ST/STM32_USB_Device_Library/Class/CDC/Src/usbd_cdc.o
LOAD ./Middlewares/ST/STM32_USB_Device_Library/Core/Src/usbd_core.o
LOAD ./Middlewares/ST/STM32_USB_Device_Library/Core/Src/usbd_ctlreq.o
LOAD ./Middlewares/ST/STM32_USB_Device_Library/Core/Src/usbd_ioreq.o
LOAD ./Middlewares/Third_Party/FreeRTOS/Source/CMSIS_RTOS_V2/cmsis_os2.o
LOAD ./Middlewares/Third_Party/FreeRTOS/Source/croutine.o
LOAD ./Middlewares/Third_Party/FreeRTOS/Source/event_groups.o
LOAD ./Middlewares/Third_Party/FreeRTOS/Source/list.o
LOAD ./Middlewares/Third_Party/FreeRTOS/Source/queue.o
LOAD ./Middlewares/Third_Party/FreeRTOS/Source/stream_buffer.o
LOAD ./Middlewares/Third_Party/FreeRTOS/Source/tasks.o
LOAD ./Middlewares/Third_Party/FreeRTOS/Source/timers.o
LOAD ./Middlewares/Third_Party/FreeRTOS/Source/portable/GCC/ARM_CM4F/port.o
LOAD ./Middlewares/Third_Party/FreeRTOS/Source/portable/MemMang/heap_4.o
LOAD ./USB_Device/App/usb_device.o
LOAD ./USB_Device/App/usbd_cdc_if.o
LOAD ./USB_Device/App/usbd_desc.o
LOAD ./USB_Device/Target/usbd_conf.o
LOAD D:\Embedded\MAV\CubeIDE\Drivers\CMSIS\Lib\GCC\libarm_cortexM4lf_math.a
START GROUP
LOAD D:/Softwares/STM32CubeIDE_1.15.1/STM32CubeIDE/plugins/com.st.stm32cube.ide.mcu.externaltools.gnu-tools-for-stm32.12.3.rel1.win32_1.0.100.202403111256/tools/bin/../lib/gcc/arm-none-eabi/12.3.1/../../../../arm-none-eabi/lib/thumb/v7e-m+fp/hard\libstdc++_nano.a
LOAD D:/Softwares/STM32CubeIDE_1.15.1/STM32CubeIDE/plugins/com.st.stm32cube.ide.mcu.externaltools.gnu-tools-for-stm32.12.3.rel1.win32_1.0.100.202403111256/tools/bin/../lib/gcc/arm-none-eabi/12.3.1/../../../../arm-none-eabi/lib/thumb/v7e-m+fp/hard\libsupc++_nano.a
END GROUP
LOAD D:/Softwares/STM32CubeIDE_1.15.1/STM32CubeIDE/plugins/com.st.stm32cube.ide.mcu.externaltools.gnu-tools-for-stm32.12.3.rel1.win32_1.0.100.202403111256/tools/bin/../lib/gcc/arm-none-eabi/12.3.1/../../../../arm-none-eabi/lib/thumb/v7e-m+fp/hard\libstdc++_nano.a
LOAD D:/Softwares/STM32CubeIDE_1.15.1/STM32CubeIDE/plugins/com.st.stm32cube.ide.mcu.externaltools.gnu-tools-for-stm32.12.3.rel1.win32_1.0.100.202403111256/tools/bin/../lib/gcc/arm-none-eabi/12.3.1/../../../../arm-none-eabi/lib/thumb/v7e-m+fp/hard\libm.a
LOAD D:/Softwares/STM32CubeIDE_1.15.1/STM32CubeIDE/plugins/com.st.stm32cube.ide.mcu.externaltools.gnu-tools-for-stm32.12.3.rel1.win32_1.0.100.202403111256/tools/bin/../lib/gcc/arm-none-eabi/12.3.1/../../../../arm-none-eabi/lib/thumb/v7e-m+fp/hard\libc_nano.a
START GROUP
LOAD D:/Softwares/STM32CubeIDE_1.15.1/STM32CubeIDE/plugins/com.st.stm32cube.ide.mcu.externaltools.gnu-tools-for-stm32.12.3.rel1.win32_1.0.100.202403111256/tools/bin/../lib/gcc/arm-none-eabi/12.3.1/thumb/v7e-m+fp/hard\libgcc.a
LOAD D:/Softwares/STM32CubeIDE_1.15.1/STM32CubeIDE/plugins/com.st.stm32cube.ide.mcu.externaltools.gnu-tools-for-stm32.12.3.rel1.win32_1.0.100.202403111256/tools/bin/../lib/gcc/arm-none-eabi/12.3.1/../../../../arm-none-eabi/lib/thumb/v7e-m+fp/hard\libc_nano.a
END GROUP
START GROUP
LOAD D:/Softwares/STM32CubeIDE_1.15.1/STM32CubeIDE/plugins/com.st.stm32cube.ide.mcu.externaltools.gnu-tools-for-stm32.12.3.rel1.win32_1.0.100.202403111256/tools/bin/../lib/gcc/arm-none-eabi/12.3.1/thumb/v7e-m+fp/hard\libgcc.a
LOAD D:/Softwares/STM32CubeIDE_1.15.1/STM32CubeIDE/plugins/com.st.stm32cube.ide.mcu.externaltools.gnu-tools-for-stm32.12.3.rel1.win32_1.0.100.202403111256/tools/bin/../lib/gcc/arm-none-eabi/12.3.1/../../../../arm-none-eabi/lib/thumb/v7e-m+fp/hard\libc_nano.a
LOAD D:/Softwares/STM32CubeIDE_1.15.1/STM32CubeIDE/plugins/com.st.stm32cube.ide.mcu.externaltools.gnu-tools-for-stm32.12.3.rel1.win32_1.0.100.202403111256/tools/bin/../lib/gcc/arm-none-eabi/12.3.1/../../../../arm-none-eabi/lib/thumb/v7e-m+fp/hard\libnosys.a
END GROUP
START GROUP
LOAD D:/Softwares/STM32CubeIDE_1.15.1/STM32CubeIDE/plugins/com.st.stm32cube.ide.mcu.externaltools.gnu-tools-for-stm32.12.3.rel1.win32_1.0.100.202403111256/tools/bin/../lib/gcc/arm-none-eabi/12.3.1/thumb/v7e-m+fp/hard\libgcc.a
LOAD D:/Softwares/STM32CubeIDE_1.15.1/STM32CubeIDE/plugins/com.st.stm32cube.ide.mcu.externaltools.gnu-tools-for-stm32.12.3.rel1.win32_1.0.100.202403111256/tools/bin/../lib/gcc/arm-none-eabi/12.3.1/../../../../arm-none-eabi/lib/thumb/v7e-m+fp/hard\libc_nano.a
LOAD D:/Softwares/STM32CubeIDE_1.15.1/STM32CubeIDE/plugins/com.st.stm32cube.ide.mcu.externaltools.gnu-tools-for-stm32.12.3.rel1.win32_1.0.100.202403111256/tools/bin/../lib/gcc/arm-none-eabi/12.3.1/../../../../arm-none-eabi/lib/thumb/v7e-m+fp/hard\libnosys.a
END GROUP
LOAD D:/Softwares/STM32CubeIDE_1.15.1/STM32CubeIDE/plugins/com.st.stm32cube.ide.mcu.externaltools.gnu-tools-for-stm32.12.3.rel1.win32_1.0.100.202403111256/tools/bin/../lib/gcc/arm-none-eabi/12.3.1/thumb/v7e-m+fp/hard/crtend.o
LOAD D:/Softwares/STM32CubeIDE_1.15.1/STM32CubeIDE/plugins/com.st.stm32cube.ide.mcu.externaltools.gnu-tools-for-stm32.12.3.rel1.win32_1.0.100.202403111256/tools/bin/../lib/gcc/arm-none-eabi/12.3.1/thumb/v7e-m+fp/hard/crtn.o
                0x20008000                        _estack = (ORIGIN (RAM) + LENGTH (RAM))
                0x00000200                        _Min_Heap_Size = 0x200
                0x00000400                        _Min_Stack_Size = 0x400

.isr_vector     0x08000000      0x1d8
                0x08000000                        . = ALIGN (0x4)
 *(.isr_vector)
 .isr_vector    0x08000000      0x1d8 ./Core/Startup/startup_stm32g431cbux.o
                0x08000000                g_pfnVectors
                0x080001d8                        . = ALIGN (0x4)

.text           0x080001e0    0x13ce0
                0x080001e0                        . = ALIGN (0x4)
 *(.text)
 .text          0x080001e0       0x40 D:/Softwares/STM32CubeIDE_1.15.1/STM32CubeIDE/plugins/com.st.stm32cube.ide.mcu.externaltools.gnu-tools-for-stm32.12.3.rel1.win32_1.0.100.202403111256/tools/bin/../lib/gcc/arm-none-eabi/12.3.1/thumb/v7e-m+fp/hard/crtbegin.o
 .text          0x08000220       0x30 D:/Softwares/STM32CubeIDE_1.15.1/STM32CubeIDE/plugins/com.st.stm32cube.ide.mcu.externaltools.gnu-tools-for-stm32.12.3.rel1.win32_1.0.100.202403111256/tools/bin/../lib/gcc/arm-none-eabi/12.3.1/thumb/v7e-m+fp/hard\libgcc.a(_aeabi_uldivmod.o)
                0x08000220                __aeabi_uldivmod
 .text          0x08000250      0x2bc D:/Softwares/STM32CubeIDE_1.15.1/STM32CubeIDE/plugins/com.st.stm32cube.ide.mcu.externaltools.gnu-tools-for-stm32.12.3.rel1.win32_1.0.100.202403111256/tools/bin/../lib/gcc/arm-none-eabi/12.3.1/thumb/v7e-m+fp/hard\libgcc.a(_udivmoddi4.o)
                0x08000250                __udivmoddi4
 .text          0x0800050c        0x4 D:/Softwares/STM32CubeIDE_1.15.1/STM32CubeIDE/plugins/com.st.stm32cube.ide.mcu.externaltools.gnu-tools-for-stm32.12.3.rel1.win32_1.0.100.202403111256/tools/bin/../lib/gcc/arm-none-eabi/12.3.1/thumb/v7e-m+fp/hard\libgcc.a(_dvmd_tls.o)
                0x0800050c                __aeabi_idiv0
                0x0800050c                __aeabi_ldiv0
 *(.text*)
 .text._ZN6Teleop10isUnlockedERKNS_6RCDataE
                0x08000510       0x40 ./BSP/Src/Drv_ppm.o
                0x08000510                Teleop::isUnlocked(Teleop::RCData const&)
 .text._Z15rcControlUpdateRN6Teleop6RCDataE
                0x08000550       0x54 ./BSP/Src/Drv_ppm.o
                0x08000550                rcControlUpdate(Teleop::RCData&)
 .text._Z9getRCDatav
                0x080005a4       0xa4 ./BSP/Src/Drv_ppm.o
                0x080005a4                getRCData()
 .text.ws2812_set_RGB
                0x08000648       0xbc ./BSP/Src/Drv_ws2812.o
                0x08000648                ws2812_set_RGB
 .text.HAL_TIM_PWM_PulseFinishedCallback
                0x08000704       0x34 ./BSP/Src/Drv_ws2812.o
                0x08000704                HAL_TIM_PWM_PulseFinishedCallback
 .text.ws2812_example
                0x08000738       0x8c ./BSP/Src/Drv_ws2812.o
                0x08000738                ws2812_example
 .text.ws2812_Server
                0x080007c4        0xc ./BSP/Src/Drv_ws2812.o
                0x080007c4                ws2812_Server
 .text._Z13setMotorSpeedmmmm
                0x080007d0       0x40 ./Control/Src/Motor.o
                0x080007d0                setMotorSpeed(unsigned long, unsigned long, unsigned long, unsigned long)
 .text._ZSt23__is_constant_evaluatedv
                0x08000810       0x10 ./Control/Src/PID.o
                0x08000810                std::__is_constant_evaluated()
 .text._ZSt3absf
                0x08000820       0x20 ./Control/Src/PID.o
                0x08000820                std::abs(float)
 .text._Z12safeDivisionIfEDaT_S0_S0_
                0x08000840       0x4c ./Control/Src/PID.o
                0x08000840                auto safeDivision<float>(float, float, float)
 .text._ZN13PIDController9calculateEfff
                0x0800088c      0x130 ./Control/Src/PID.o
                0x0800088c                PIDController::calculate(float, float, float)
 .text._ZSt5clampIfERKT_S2_S2_S2_
                0x080009bc       0x50 ./Control/Src/PID.o
                0x080009bc                float const& std::clamp<float>(float const&, float const&, float const&)
 .text._ZSt3maxIfERKT_S2_S2_
                0x08000a0c       0x32 ./Control/Src/PID.o
                0x08000a0c                float const& std::max<float>(float const&, float const&)
 .text._ZSt3minIfERKT_S2_S2_
                0x08000a3e       0x32 ./Control/Src/PID.o
                0x08000a3e                float const& std::min<float>(float const&, float const&)
 .text._ZN4Ring16getPIDControllerE4Loop4Type4Axis
                0x08000a70       0x38 ./Control/Src/Ring.o
                0x08000a70                Ring::getPIDController(Loop, Type, Axis)
 .text._ZN8PIDArrayIS_IS_I13PIDControllerLj3EELj2EELj3EEixE4Loop
                0x08000aa8       0x24 ./Control/Src/Ring.o
                0x08000aa8                PIDArray<PIDArray<PIDArray<PIDController, 3u>, 2u>, 3u>::operator[](Loop)
 .text._ZN8PIDArrayIS_I13PIDControllerLj3EELj2EEixE4Type
                0x08000acc       0x22 ./Control/Src/Ring.o
                0x08000acc                PIDArray<PIDArray<PIDController, 3u>, 2u>::operator[](Type)
 .text._ZN8PIDArrayI13PIDControllerLj3EEixE4Axis
                0x08000aee       0x24 ./Control/Src/Ring.o
                0x08000aee                PIDArray<PIDController, 3u>::operator[](Axis)
 .text._ZN24ExponentialAverageFilterC2Ef
                0x08000b12       0x2e ./Control/Src/Teleop.o
                0x08000b12                ExponentialAverageFilter::ExponentialAverageFilter(float)
                0x08000b12                ExponentialAverageFilter::ExponentialAverageFilter(float)
 .text._ZN24ExponentialAverageFilter6updateEf
                0x08000b40       0x68 ./Control/Src/Teleop.o
                0x08000b40                ExponentialAverageFilter::update(float)
 .text._ZNK13PIDController9getOutputEv
                0x08000ba8       0x1e ./Control/Src/Teleop.o
                0x08000ba8                PIDController::getOutput() const
 .text._ZN6Teleop8FloatXYZC2Ev
                0x08000bc6       0x2e ./Control/Src/Teleop.o
                0x08000bc6                Teleop::FloatXYZ::FloatXYZ()
                0x08000bc6                Teleop::FloatXYZ::FloatXYZ()
 .text._ZN6Teleop13FlightControlC2Ev
                0x08000bf4       0x24 ./Control/Src/Teleop.o
                0x08000bf4                Teleop::FlightControl::FlightControl()
                0x08000bf4                Teleop::FlightControl::FlightControl()
 .text._Z12eventFlagSet6FCMode
                0x08000c18       0x16 ./Control/Src/Teleop.o
                0x08000c18                eventFlagSet(FCMode)
 .text._Z8deadZoneIiEDaT_S0_S0_
                0x08000c2e       0x4c ./Control/Src/Teleop.o
                0x08000c2e                auto deadZone<int>(int, int, int)
 *fill*         0x08000c7a        0x2 
 .text._ZN6Teleop7dataSetERKNS_6RCDataE
                0x08000c7c      0x23c ./Control/Src/Teleop.o
                0x08000c7c                Teleop::dataSet(Teleop::RCData const&)
 .text._ZSt3getILj0EJN7Chassis10FloatAngleEEEOKNSt13tuple_elementIXT_ESt5tupleIJDpT0_EEE4typeEOKS6_
                0x08000eb8       0x22 ./Control/Src/Teleop.o
                0x08000eb8                std::tuple_element<0u, std::tuple<Chassis::FloatAngle> >::type const&& std::get<0u, Chassis::FloatAngle>(std::tuple<Chassis::FloatAngle> const&&)
 .text._ZSt12__get_helperILj0EN7Chassis10FloatAngleEJEERKT0_RKSt11_Tuple_implIXT_EJS2_DpT1_EE
                0x08000eda       0x18 ./Control/Src/Teleop.o
                0x08000eda                Chassis::FloatAngle const& std::__get_helper<0u, Chassis::FloatAngle>(std::_Tuple_impl<0u, Chassis::FloatAngle> const&)
 .text._ZNSt11_Tuple_implILj0EJN7Chassis10FloatAngleEEE7_M_headERKS2_
                0x08000ef2       0x1a ./Control/Src/Teleop.o
                0x08000ef2                std::_Tuple_impl<0u, Chassis::FloatAngle>::_M_head(std::_Tuple_impl<0u, Chassis::FloatAngle> const&)
 .text._ZNSt10_Head_baseILj0EN7Chassis10FloatAngleELb0EE7_M_headERKS2_
                0x08000f0c       0x16 ./Control/Src/Teleop.o
                0x08000f0c                std::_Head_base<0u, Chassis::FloatAngle, false>::_M_head(std::_Head_base<0u, Chassis::FloatAngle, false> const&)
 .text._ZSt7forwardIKN7Chassis10FloatAngleEEOT_RNSt16remove_referenceIS3_E4typeE
                0x08000f22       0x16 ./Control/Src/Teleop.o
                0x08000f22                Chassis::FloatAngle const&& std::forward<Chassis::FloatAngle const>(std::remove_reference<Chassis::FloatAngle const>::type&)
 .text._ZN6Teleop20attitudeControlOuterEf
                0x08000f38       0x80 ./Control/Src/Teleop.o
                0x08000f38                Teleop::attitudeControlOuter(float)
 .text._ZSt3getILj0EJN7Chassis9FloatGyroEEEOKNSt13tuple_elementIXT_ESt5tupleIJDpT0_EEE4typeEOKS6_
                0x08000fb8       0x22 ./Control/Src/Teleop.o
                0x08000fb8                std::tuple_element<0u, std::tuple<Chassis::FloatGyro> >::type const&& std::get<0u, Chassis::FloatGyro>(std::tuple<Chassis::FloatGyro> const&&)
 .text._ZSt12__get_helperILj0EN7Chassis9FloatGyroEJEERKT0_RKSt11_Tuple_implIXT_EJS2_DpT1_EE
                0x08000fda       0x18 ./Control/Src/Teleop.o
                0x08000fda                Chassis::FloatGyro const& std::__get_helper<0u, Chassis::FloatGyro>(std::_Tuple_impl<0u, Chassis::FloatGyro> const&)
 .text._ZNSt11_Tuple_implILj0EJN7Chassis9FloatGyroEEE7_M_headERKS2_
                0x08000ff2       0x1a ./Control/Src/Teleop.o
                0x08000ff2                std::_Tuple_impl<0u, Chassis::FloatGyro>::_M_head(std::_Tuple_impl<0u, Chassis::FloatGyro> const&)
 .text._ZNSt10_Head_baseILj0EN7Chassis9FloatGyroELb0EE7_M_headERKS2_
                0x0800100c       0x16 ./Control/Src/Teleop.o
                0x0800100c                std::_Head_base<0u, Chassis::FloatGyro, false>::_M_head(std::_Head_base<0u, Chassis::FloatGyro, false> const&)
 .text._ZSt7forwardIKN7Chassis9FloatGyroEEOT_RNSt16remove_referenceIS3_E4typeE
                0x08001022       0x16 ./Control/Src/Teleop.o
                0x08001022                Chassis::FloatGyro const&& std::forward<Chassis::FloatGyro const>(std::remove_reference<Chassis::FloatGyro const>::type&)
 .text._ZN6Teleop20attitudeControlInterEf
                0x08001038      0x294 ./Control/Src/Teleop.o
                0x08001038                Teleop::attitudeControlInter(float)
 .text._ZZN7Chassis7dataGetIJNS_10FloatAngleEEEESt5tupleIJDpT_EEvENKUlvE_clIS1_EEDav
                0x080012cc       0x40 ./Control/Src/Teleop.o
                0x080012cc                auto Chassis::dataGet<Chassis::FloatAngle>()::{lambda()#1}::operator()<Chassis::FloatAngle>() const
 .text._ZN7Chassis7dataGetIJNS_10FloatAngleEEEESt5tupleIJDpT_EEv
                0x0800130c       0x3e ./Control/Src/Teleop.o
                0x0800130c                std::tuple<Chassis::FloatAngle> Chassis::dataGet<Chassis::FloatAngle>()
 *fill*         0x0800134a        0x2 
 .text._ZZN7Chassis7dataGetIJNS_9FloatGyroEEEESt5tupleIJDpT_EEvENKUlvE_clIS1_EEDav
                0x0800134c       0x40 ./Control/Src/Teleop.o
                0x0800134c                auto Chassis::dataGet<Chassis::FloatGyro>()::{lambda()#1}::operator()<Chassis::FloatGyro>() const
 .text._ZN7Chassis7dataGetIJNS_9FloatGyroEEEESt5tupleIJDpT_EEv
                0x0800138c       0x3e ./Control/Src/Teleop.o
                0x0800138c                std::tuple<Chassis::FloatGyro> Chassis::dataGet<Chassis::FloatGyro>()
 .text._ZNSt5tupleIJN7Chassis10FloatAngleEEEC2IJS1_ELb1ELb1EEEDpOT_
                0x080013ca       0x26 ./Control/Src/Teleop.o
                0x080013ca                std::tuple<Chassis::FloatAngle>::tuple<Chassis::FloatAngle, true, true>(Chassis::FloatAngle&&)
                0x080013ca                std::tuple<Chassis::FloatAngle>::tuple<Chassis::FloatAngle, true, true>(Chassis::FloatAngle&&)
 .text._ZNSt5tupleIJN7Chassis9FloatGyroEEEC2IJS1_ELb1ELb1EEEDpOT_
                0x080013f0       0x26 ./Control/Src/Teleop.o
                0x080013f0                std::tuple<Chassis::FloatGyro>::tuple<Chassis::FloatGyro, true, true>(Chassis::FloatGyro&&)
                0x080013f0                std::tuple<Chassis::FloatGyro>::tuple<Chassis::FloatGyro, true, true>(Chassis::FloatGyro&&)
 .text._ZSt7forwardIN7Chassis10FloatAngleEEOT_RNSt16remove_referenceIS2_E4typeE
                0x08001416       0x16 ./Control/Src/Teleop.o
                0x08001416                Chassis::FloatAngle&& std::forward<Chassis::FloatAngle>(std::remove_reference<Chassis::FloatAngle>::type&)
 .text._ZNSt11_Tuple_implILj0EJN7Chassis10FloatAngleEEEC2IS1_EEOT_
                0x0800142c       0x26 ./Control/Src/Teleop.o
                0x0800142c                std::_Tuple_impl<0u, Chassis::FloatAngle>::_Tuple_impl<Chassis::FloatAngle>(Chassis::FloatAngle&&)
                0x0800142c                std::_Tuple_impl<0u, Chassis::FloatAngle>::_Tuple_impl<Chassis::FloatAngle>(Chassis::FloatAngle&&)
 .text._ZSt7forwardIN7Chassis9FloatGyroEEOT_RNSt16remove_referenceIS2_E4typeE
                0x08001452       0x16 ./Control/Src/Teleop.o
                0x08001452                Chassis::FloatGyro&& std::forward<Chassis::FloatGyro>(std::remove_reference<Chassis::FloatGyro>::type&)
 .text._ZNSt11_Tuple_implILj0EJN7Chassis9FloatGyroEEEC2IS1_EEOT_
                0x08001468       0x26 ./Control/Src/Teleop.o
                0x08001468                std::_Tuple_impl<0u, Chassis::FloatGyro>::_Tuple_impl<Chassis::FloatGyro>(Chassis::FloatGyro&&)
                0x08001468                std::_Tuple_impl<0u, Chassis::FloatGyro>::_Tuple_impl<Chassis::FloatGyro>(Chassis::FloatGyro&&)
 .text._ZNSt10_Head_baseILj0EN7Chassis10FloatAngleELb0EEC2IS1_EEOT_
                0x0800148e       0x24 ./Control/Src/Teleop.o
                0x0800148e                std::_Head_base<0u, Chassis::FloatAngle, false>::_Head_base<Chassis::FloatAngle>(Chassis::FloatAngle&&)
                0x0800148e                std::_Head_base<0u, Chassis::FloatAngle, false>::_Head_base<Chassis::FloatAngle>(Chassis::FloatAngle&&)
 .text._ZNSt10_Head_baseILj0EN7Chassis9FloatGyroELb0EEC2IS1_EEOT_
                0x080014b2       0x24 ./Control/Src/Teleop.o
                0x080014b2                std::_Head_base<0u, Chassis::FloatGyro, false>::_Head_base<Chassis::FloatGyro>(Chassis::FloatGyro&&)
                0x080014b2                std::_Head_base<0u, Chassis::FloatGyro, false>::_Head_base<Chassis::FloatGyro>(Chassis::FloatGyro&&)
 *fill*         0x080014d6        0x2 
 .text._Z41__static_initialization_and_destruction_0ii
                0x080014d8       0x2c ./Control/Src/Teleop.o
 .text._GLOBAL__sub_I__ZN6Teleop15flight_control_E
                0x08001504       0x10 ./Control/Src/Teleop.o
 .text.MX_CRC_Init
                0x08001514       0x44 ./Core/Src/crc.o
                0x08001514                MX_CRC_Init
 .text.HAL_CRC_MspInit
                0x08001558       0x40 ./Core/Src/crc.o
                0x08001558                HAL_CRC_MspInit
 .text._Z16getImuDataServerv
                0x08001598        0xe ./Core/Src/freertos.o
                0x08001598                getImuDataServer()
 *fill*         0x080015a6        0x2 
 .text.MX_FREERTOS_Init
                0x080015a8      0x124 ./Core/Src/freertos.o
                0x080015a8                MX_FREERTOS_Init
 .text._Z16StartDefaultTaskPv
                0x080016cc       0x88 ./Core/Src/freertos.o
                0x080016cc                StartDefaultTask(void*)
 .text._Z10SensorTaskPv
                0x08001754       0x44 ./Core/Src/freertos.o
                0x08001754                SensorTask(void*)
 .text._Z11TriflesTaskPv
                0x08001798        0xc ./Core/Src/freertos.o
                0x08001798                TriflesTask(void*)
 .text._Z17UserTasksCallbackPv
                0x080017a4       0x14 ./Core/Src/freertos.o
                0x080017a4                UserTasksCallback(void*)
 .text._Z11LedCallbackPv
                0x080017b8       0x14 ./Core/Src/freertos.o
                0x080017b8                LedCallback(void*)
 .text.MX_GPIO_Init
                0x080017cc       0xac ./Core/Src/gpio.o
                0x080017cc                MX_GPIO_Init
 .text.MX_I2C1_Init
                0x08001878       0x80 ./Core/Src/i2c.o
                0x08001878                MX_I2C1_Init
 .text.HAL_I2C_MspInit
                0x080018f8       0xb4 ./Core/Src/i2c.o
                0x080018f8                HAL_I2C_MspInit
 .text.main     0x080019ac       0x40 ./Core/Src/main.o
                0x080019ac                main
 .text.SystemClock_Config
                0x080019ec       0x94 ./Core/Src/main.o
                0x080019ec                SystemClock_Config
 .text.HAL_TIM_PeriodElapsedCallback
                0x08001a80       0x24 ./Core/Src/main.o
                0x08001a80                HAL_TIM_PeriodElapsedCallback
 .text.Error_Handler
                0x08001aa4        0xc ./Core/Src/main.o
                0x08001aa4                Error_Handler
 .text.assert_failed
                0x08001ab0       0x16 ./Core/Src/main.o
                0x08001ab0                assert_failed
 *fill*         0x08001ac6        0x2 
 .text.MX_SPI1_Init
                0x08001ac8       0x7c ./Core/Src/spi.o
                0x08001ac8                MX_SPI1_Init
 .text.MX_SPI3_Init
                0x08001b44       0x7c ./Core/Src/spi.o
                0x08001b44                MX_SPI3_Init
 .text.HAL_SPI_MspInit
                0x08001bc0      0x184 ./Core/Src/spi.o
                0x08001bc0                HAL_SPI_MspInit
 .text.HAL_MspInit
                0x08001d44       0x54 ./Core/Src/stm32g4xx_hal_msp.o
                0x08001d44                HAL_MspInit
 .text.HAL_InitTick
                0x08001d98       0xd8 ./Core/Src/stm32g4xx_hal_timebase_tim.o
                0x08001d98                HAL_InitTick
 .text.NMI_Handler
                0x08001e70        0x8 ./Core/Src/stm32g4xx_it.o
                0x08001e70                NMI_Handler
 .text.HardFault_Handler
                0x08001e78        0x8 ./Core/Src/stm32g4xx_it.o
                0x08001e78                HardFault_Handler
 .text.MemManage_Handler
                0x08001e80        0x8 ./Core/Src/stm32g4xx_it.o
                0x08001e80                MemManage_Handler
 .text.BusFault_Handler
                0x08001e88        0x8 ./Core/Src/stm32g4xx_it.o
                0x08001e88                BusFault_Handler
 .text.UsageFault_Handler
                0x08001e90        0x8 ./Core/Src/stm32g4xx_it.o
                0x08001e90                UsageFault_Handler
 .text.DebugMon_Handler
                0x08001e98        0xe ./Core/Src/stm32g4xx_it.o
                0x08001e98                DebugMon_Handler
 *fill*         0x08001ea6        0x2 
 .text.USB_LP_IRQHandler
                0x08001ea8       0x14 ./Core/Src/stm32g4xx_it.o
                0x08001ea8                USB_LP_IRQHandler
 .text.TIM6_DAC_IRQHandler
                0x08001ebc       0x14 ./Core/Src/stm32g4xx_it.o
                0x08001ebc                TIM6_DAC_IRQHandler
 .text._read    0x08001ed0       0x3a ./Core/Src/syscalls.o
                0x08001ed0                _read
 .text._write   0x08001f0a       0x38 ./Core/Src/syscalls.o
                0x08001f0a                _write
 .text._close   0x08001f42       0x18 ./Core/Src/syscalls.o
                0x08001f42                _close
 .text._fstat   0x08001f5a       0x20 ./Core/Src/syscalls.o
                0x08001f5a                _fstat
 .text._isatty  0x08001f7a       0x16 ./Core/Src/syscalls.o
                0x08001f7a                _isatty
 .text._lseek   0x08001f90       0x1a ./Core/Src/syscalls.o
                0x08001f90                _lseek
 *fill*         0x08001faa        0x2 
 .text._sbrk    0x08001fac       0x6c ./Core/Src/sysmem.o
                0x08001fac                _sbrk
 .text.SystemInit
                0x08002018       0x24 ./Core/Src/system_stm32g4xx.o
                0x08002018                SystemInit
 .text.MX_TIM2_Init
                0x0800203c      0x130 ./Core/Src/tim.o
                0x0800203c                MX_TIM2_Init
 .text.MX_TIM8_Init
                0x0800216c      0x128 ./Core/Src/tim.o
                0x0800216c                MX_TIM8_Init
 .text.HAL_TIM_Base_MspInit
                0x08002294       0x3c ./Core/Src/tim.o
                0x08002294                HAL_TIM_Base_MspInit
 .text.HAL_TIM_PWM_MspInit
                0x080022d0       0x40 ./Core/Src/tim.o
                0x080022d0                HAL_TIM_PWM_MspInit
 .text.HAL_TIM_MspPostInit
                0x08002310       0xf4 ./Core/Src/tim.o
                0x08002310                HAL_TIM_MspPostInit
 .text.MX_USART1_UART_Init
                0x08002404       0x98 ./Core/Src/usart.o
                0x08002404                MX_USART1_UART_Init
 .text.MX_USART2_UART_Init
                0x0800249c       0x98 ./Core/Src/usart.o
                0x0800249c                MX_USART2_UART_Init
 .text.HAL_UART_MspInit
                0x08002534      0x130 ./Core/Src/usart.o
                0x08002534                HAL_UART_MspInit
 .text.__io_putchar
                0x08002664       0x24 ./Core/Src/usart.o
                0x08002664                __io_putchar
 .text.Reset_Handler
                0x08002688       0x50 ./Core/Startup/startup_stm32g431cbux.o
                0x08002688                Reset_Handler
 .text.Default_Handler
                0x080026d8        0x2 ./Core/Startup/startup_stm32g431cbux.o
                0x080026d8                RTC_Alarm_IRQHandler
                0x080026d8                EXTI2_IRQHandler
                0x080026d8                TIM8_TRG_COM_IRQHandler
                0x080026d8                TIM8_CC_IRQHandler
                0x080026d8                TIM1_CC_IRQHandler
                0x080026d8                USB_HP_IRQHandler
                0x080026d8                CORDIC_IRQHandler
                0x080026d8                EXTI3_IRQHandler
                0x080026d8                I2C3_ER_IRQHandler
                0x080026d8                EXTI0_IRQHandler
                0x080026d8                I2C2_EV_IRQHandler
                0x080026d8                FPU_IRQHandler
                0x080026d8                FDCAN1_IT1_IRQHandler
                0x080026d8                TIM1_UP_TIM16_IRQHandler
                0x080026d8                ADC1_2_IRQHandler
                0x080026d8                SPI1_IRQHandler
                0x080026d8                TIM8_UP_IRQHandler
                0x080026d8                DMA2_Channel2_IRQHandler
                0x080026d8                DMA1_Channel4_IRQHandler
                0x080026d8                USART3_IRQHandler
                0x080026d8                TIM4_IRQHandler
                0x080026d8                DMA2_Channel1_IRQHandler
                0x080026d8                I2C1_EV_IRQHandler
                0x080026d8                DMA1_Channel6_IRQHandler
                0x080026d8                UART4_IRQHandler
                0x080026d8                DMA2_Channel4_IRQHandler
                0x080026d8                TIM3_IRQHandler
                0x080026d8                RCC_IRQHandler
                0x080026d8                DMA1_Channel1_IRQHandler
                0x080026d8                Default_Handler
                0x080026d8                RTC_TAMP_LSECSS_IRQHandler
                0x080026d8                FMAC_IRQHandler
                0x080026d8                EXTI15_10_IRQHandler
                0x080026d8                TIM7_IRQHandler
                0x080026d8                UCPD1_IRQHandler
                0x080026d8                I2C3_EV_IRQHandler
                0x080026d8                EXTI9_5_IRQHandler
                0x080026d8                RTC_WKUP_IRQHandler
                0x080026d8                PVD_PVM_IRQHandler
                0x080026d8                SPI2_IRQHandler
                0x080026d8                DMA2_Channel5_IRQHandler
                0x080026d8                CRS_IRQHandler
                0x080026d8                DMA1_Channel5_IRQHandler
                0x080026d8                EXTI4_IRQHandler
                0x080026d8                RNG_IRQHandler
                0x080026d8                TIM1_TRG_COM_TIM17_IRQHandler
                0x080026d8                DMA1_Channel3_IRQHandler
                0x080026d8                WWDG_IRQHandler
                0x080026d8                LPUART1_IRQHandler
                0x080026d8                DMA2_Channel6_IRQHandler
                0x080026d8                FDCAN1_IT0_IRQHandler
                0x080026d8                TIM2_IRQHandler
                0x080026d8                COMP1_2_3_IRQHandler
                0x080026d8                EXTI1_IRQHandler
                0x080026d8                USART2_IRQHandler
                0x080026d8                I2C2_ER_IRQHandler
                0x080026d8                DMA1_Channel2_IRQHandler
                0x080026d8                TIM8_BRK_IRQHandler
                0x080026d8                FLASH_IRQHandler
                0x080026d8                USART1_IRQHandler
                0x080026d8                SPI3_IRQHandler
                0x080026d8                I2C1_ER_IRQHandler
                0x080026d8                LPTIM1_IRQHandler
                0x080026d8                DMAMUX_OVR_IRQHandler
                0x080026d8                USBWakeUp_IRQHandler
                0x080026d8                SAI1_IRQHandler
                0x080026d8                DMA2_Channel3_IRQHandler
                0x080026d8                COMP4_IRQHandler
                0x080026d8                TIM1_BRK_TIM15_IRQHandler
 .text.stm32_lock_init
                0x080026da       0x44 ./Core/ThreadSafe/newlib_lock_glue.o
 .text.stm32_lock_acquire
                0x0800271e       0x64 ./Core/ThreadSafe/newlib_lock_glue.o
 .text.stm32_lock_release
                0x08002782       0x58 ./Core/ThreadSafe/newlib_lock_glue.o
 .text.__retarget_lock_init_recursive
                0x080027da       0x4e ./Core/ThreadSafe/newlib_lock_glue.o
                0x080027da                __retarget_lock_init_recursive
 .text.__retarget_lock_acquire_recursive
                0x08002828       0x2a ./Core/ThreadSafe/newlib_lock_glue.o
                0x08002828                __retarget_lock_acquire_recursive
 .text.__retarget_lock_release_recursive
                0x08002852       0x2a ./Core/ThreadSafe/newlib_lock_glue.o
                0x08002852                __retarget_lock_release_recursive
 .text.HAL_Init
                0x0800287c       0x30 ./Drivers/STM32G4xx_HAL_Driver/Src/stm32g4xx_hal.o
                0x0800287c                HAL_Init
 .text.HAL_IncTick
                0x080028ac       0x24 ./Drivers/STM32G4xx_HAL_Driver/Src/stm32g4xx_hal.o
                0x080028ac                HAL_IncTick
 .text.HAL_GetTick
                0x080028d0       0x18 ./Drivers/STM32G4xx_HAL_Driver/Src/stm32g4xx_hal.o
                0x080028d0                HAL_GetTick
 .text.HAL_Delay
                0x080028e8       0x44 ./Drivers/STM32G4xx_HAL_Driver/Src/stm32g4xx_hal.o
                0x080028e8                HAL_Delay
 .text.__NVIC_SetPriorityGrouping
                0x0800292c       0x48 ./Drivers/STM32G4xx_HAL_Driver/Src/stm32g4xx_hal_cortex.o
 .text.__NVIC_GetPriorityGrouping
                0x08002974       0x1c ./Drivers/STM32G4xx_HAL_Driver/Src/stm32g4xx_hal_cortex.o
 .text.__NVIC_EnableIRQ
                0x08002990       0x3c ./Drivers/STM32G4xx_HAL_Driver/Src/stm32g4xx_hal_cortex.o
 .text.__NVIC_SetPriority
                0x080029cc       0x54 ./Drivers/STM32G4xx_HAL_Driver/Src/stm32g4xx_hal_cortex.o
 .text.NVIC_EncodePriority
                0x08002a20       0x66 ./Drivers/STM32G4xx_HAL_Driver/Src/stm32g4xx_hal_cortex.o
 *fill*         0x08002a86        0x2 
 .text.HAL_NVIC_SetPriorityGrouping
                0x08002a88       0x40 ./Drivers/STM32G4xx_HAL_Driver/Src/stm32g4xx_hal_cortex.o
                0x08002a88                HAL_NVIC_SetPriorityGrouping
 .text.HAL_NVIC_SetPriority
                0x08002ac8       0x54 ./Drivers/STM32G4xx_HAL_Driver/Src/stm32g4xx_hal_cortex.o
                0x08002ac8                HAL_NVIC_SetPriority
 .text.HAL_NVIC_EnableIRQ
                0x08002b1c       0x30 ./Drivers/STM32G4xx_HAL_Driver/Src/stm32g4xx_hal_cortex.o
                0x08002b1c                HAL_NVIC_EnableIRQ
 .text.HAL_CRC_Init
                0x08002b4c      0x174 ./Drivers/STM32G4xx_HAL_Driver/Src/stm32g4xx_hal_crc.o
                0x08002b4c                HAL_CRC_Init
 .text.HAL_CRCEx_Polynomial_Set
                0x08002cc0      0x13c ./Drivers/STM32G4xx_HAL_Driver/Src/stm32g4xx_hal_crc_ex.o
                0x08002cc0                HAL_CRCEx_Polynomial_Set
 .text.HAL_DMA_Start_IT
                0x08002dfc      0x114 ./Drivers/STM32G4xx_HAL_Driver/Src/stm32g4xx_hal_dma.o
                0x08002dfc                HAL_DMA_Start_IT
 .text.HAL_DMA_Abort_IT
                0x08002f10       0xce ./Drivers/STM32G4xx_HAL_Driver/Src/stm32g4xx_hal_dma.o
                0x08002f10                HAL_DMA_Abort_IT
 .text.DMA_SetConfig
                0x08002fde       0x7c ./Drivers/STM32G4xx_HAL_Driver/Src/stm32g4xx_hal_dma.o
 *fill*         0x0800305a        0x2 
 .text.HAL_GPIO_Init
                0x0800305c      0x4a8 ./Drivers/STM32G4xx_HAL_Driver/Src/stm32g4xx_hal_gpio.o
                0x0800305c                HAL_GPIO_Init
 .text.HAL_GPIO_WritePin
                0x08003504       0x58 ./Drivers/STM32G4xx_HAL_Driver/Src/stm32g4xx_hal_gpio.o
                0x08003504                HAL_GPIO_WritePin
 .text.HAL_I2C_Init
                0x0800355c      0x24c ./Drivers/STM32G4xx_HAL_Driver/Src/stm32g4xx_hal_i2c.o
                0x0800355c                HAL_I2C_Init
 .text.HAL_I2CEx_ConfigAnalogFilter
                0x080037a8       0xe0 ./Drivers/STM32G4xx_HAL_Driver/Src/stm32g4xx_hal_i2c_ex.o
                0x080037a8                HAL_I2CEx_ConfigAnalogFilter
 .text.HAL_I2CEx_ConfigDigitalFilter
                0x08003888       0xd8 ./Drivers/STM32G4xx_HAL_Driver/Src/stm32g4xx_hal_i2c_ex.o
                0x08003888                HAL_I2CEx_ConfigDigitalFilter
 .text.HAL_PCD_Init
                0x08003960      0x1b8 ./Drivers/STM32G4xx_HAL_Driver/Src/stm32g4xx_hal_pcd.o
                0x08003960                HAL_PCD_Init
 .text.HAL_PCD_Start
                0x08003b18       0x44 ./Drivers/STM32G4xx_HAL_Driver/Src/stm32g4xx_hal_pcd.o
                0x08003b18                HAL_PCD_Start
 .text.HAL_PCD_IRQHandler
                0x08003b5c      0x24e ./Drivers/STM32G4xx_HAL_Driver/Src/stm32g4xx_hal_pcd.o
                0x08003b5c                HAL_PCD_IRQHandler
 .text.HAL_PCD_SetAddress
                0x08003daa       0x48 ./Drivers/STM32G4xx_HAL_Driver/Src/stm32g4xx_hal_pcd.o
                0x08003daa                HAL_PCD_SetAddress
 .text.HAL_PCD_EP_Open
                0x08003df2       0xba ./Drivers/STM32G4xx_HAL_Driver/Src/stm32g4xx_hal_pcd.o
                0x08003df2                HAL_PCD_EP_Open
 .text.HAL_PCD_EP_Close
                0x08003eac       0x90 ./Drivers/STM32G4xx_HAL_Driver/Src/stm32g4xx_hal_pcd.o
                0x08003eac                HAL_PCD_EP_Close
 .text.HAL_PCD_EP_Receive
                0x08003f3c       0x62 ./Drivers/STM32G4xx_HAL_Driver/Src/stm32g4xx_hal_pcd.o
                0x08003f3c                HAL_PCD_EP_Receive
 .text.HAL_PCD_EP_GetRxCount
                0x08003f9e       0x30 ./Drivers/STM32G4xx_HAL_Driver/Src/stm32g4xx_hal_pcd.o
                0x08003f9e                HAL_PCD_EP_GetRxCount
 .text.HAL_PCD_EP_Transmit
                0x08003fce       0x6e ./Drivers/STM32G4xx_HAL_Driver/Src/stm32g4xx_hal_pcd.o
                0x08003fce                HAL_PCD_EP_Transmit
 .text.HAL_PCD_EP_SetStall
                0x0800403c       0xa4 ./Drivers/STM32G4xx_HAL_Driver/Src/stm32g4xx_hal_pcd.o
                0x0800403c                HAL_PCD_EP_SetStall
 .text.HAL_PCD_EP_ClrStall
                0x080040e0       0xa8 ./Drivers/STM32G4xx_HAL_Driver/Src/stm32g4xx_hal_pcd.o
                0x080040e0                HAL_PCD_EP_ClrStall
 .text.PCD_EP_ISR_Handler
                0x08004188      0x782 ./Drivers/STM32G4xx_HAL_Driver/Src/stm32g4xx_hal_pcd.o
 .text.HAL_PCD_EP_DB_Receive
                0x0800490a      0x212 ./Drivers/STM32G4xx_HAL_Driver/Src/stm32g4xx_hal_pcd.o
 .text.HAL_PCD_EP_DB_Transmit
                0x08004b1c      0x7ec ./Drivers/STM32G4xx_HAL_Driver/Src/stm32g4xx_hal_pcd.o
 .text.HAL_PCDEx_PMAConfig
                0x08005308       0x86 ./Drivers/STM32G4xx_HAL_Driver/Src/stm32g4xx_hal_pcd_ex.o
                0x08005308                HAL_PCDEx_PMAConfig
 .text.HAL_PCDEx_ActivateLPM
                0x0800538e       0x54 ./Drivers/STM32G4xx_HAL_Driver/Src/stm32g4xx_hal_pcd_ex.o
                0x0800538e                HAL_PCDEx_ActivateLPM
 *fill*         0x080053e2        0x2 
 .text.HAL_PWREx_ControlVoltageScaling
                0x080053e4      0x168 ./Drivers/STM32G4xx_HAL_Driver/Src/stm32g4xx_hal_pwr_ex.o
                0x080053e4                HAL_PWREx_ControlVoltageScaling
 .text.HAL_PWREx_DisableUCPDDeadBattery
                0x0800554c       0x20 ./Drivers/STM32G4xx_HAL_Driver/Src/stm32g4xx_hal_pwr_ex.o
                0x0800554c                HAL_PWREx_DisableUCPDDeadBattery
 .text.HAL_RCC_OscConfig
                0x0800556c      0x818 ./Drivers/STM32G4xx_HAL_Driver/Src/stm32g4xx_hal_rcc.o
                0x0800556c                HAL_RCC_OscConfig
 .text.HAL_RCC_ClockConfig
                0x08005d84      0x3fc ./Drivers/STM32G4xx_HAL_Driver/Src/stm32g4xx_hal_rcc.o
                0x08005d84                HAL_RCC_ClockConfig
 .text.HAL_RCC_GetSysClockFreq
                0x08006180       0xc4 ./Drivers/STM32G4xx_HAL_Driver/Src/stm32g4xx_hal_rcc.o
                0x08006180                HAL_RCC_GetSysClockFreq
 .text.HAL_RCC_GetHCLKFreq
                0x08006244       0x18 ./Drivers/STM32G4xx_HAL_Driver/Src/stm32g4xx_hal_rcc.o
                0x08006244                HAL_RCC_GetHCLKFreq
 .text.HAL_RCC_GetPCLK1Freq
                0x0800625c       0x2c ./Drivers/STM32G4xx_HAL_Driver/Src/stm32g4xx_hal_rcc.o
                0x0800625c                HAL_RCC_GetPCLK1Freq
 .text.HAL_RCC_GetPCLK2Freq
                0x08006288       0x2c ./Drivers/STM32G4xx_HAL_Driver/Src/stm32g4xx_hal_rcc.o
                0x08006288                HAL_RCC_GetPCLK2Freq
 .text.HAL_RCC_GetClockConfig
                0x080062b4       0x84 ./Drivers/STM32G4xx_HAL_Driver/Src/stm32g4xx_hal_rcc.o
                0x080062b4                HAL_RCC_GetClockConfig
 .text.RCC_GetSysClockFreqFromPLLSource
                0x08006338       0x8c ./Drivers/STM32G4xx_HAL_Driver/Src/stm32g4xx_hal_rcc.o
 .text.HAL_RCCEx_PeriphCLKConfig
                0x080063c4      0x740 ./Drivers/STM32G4xx_HAL_Driver/Src/stm32g4xx_hal_rcc_ex.o
                0x080063c4                HAL_RCCEx_PeriphCLKConfig
 .text.HAL_SPI_Init
                0x08006b04      0x3ec ./Drivers/STM32G4xx_HAL_Driver/Src/stm32g4xx_hal_spi.o
                0x08006b04                HAL_SPI_Init
 .text.HAL_TIM_Base_Init
                0x08006ef0      0x1fc ./Drivers/STM32G4xx_HAL_Driver/Src/stm32g4xx_hal_tim.o
                0x08006ef0                HAL_TIM_Base_Init
 .text.HAL_TIM_Base_Start_IT
                0x080070ec      0x150 ./Drivers/STM32G4xx_HAL_Driver/Src/stm32g4xx_hal_tim.o
                0x080070ec                HAL_TIM_Base_Start_IT
 .text.HAL_TIM_PWM_Init
                0x0800723c      0x1fc ./Drivers/STM32G4xx_HAL_Driver/Src/stm32g4xx_hal_tim.o
                0x0800723c                HAL_TIM_PWM_Init
 .text.HAL_TIM_PWM_Start_DMA
                0x08007438      0x55c ./Drivers/STM32G4xx_HAL_Driver/Src/stm32g4xx_hal_tim.o
                0x08007438                HAL_TIM_PWM_Start_DMA
 .text.HAL_TIM_PWM_Stop_DMA
                0x08007994      0x308 ./Drivers/STM32G4xx_HAL_Driver/Src/stm32g4xx_hal_tim.o
                0x08007994                HAL_TIM_PWM_Stop_DMA
 .text.HAL_TIM_IRQHandler
                0x08007c9c      0x29e ./Drivers/STM32G4xx_HAL_Driver/Src/stm32g4xx_hal_tim.o
                0x08007c9c                HAL_TIM_IRQHandler
 *fill*         0x08007f3a        0x2 
 .text.HAL_TIM_PWM_ConfigChannel
                0x08007f3c      0x46c ./Drivers/STM32G4xx_HAL_Driver/Src/stm32g4xx_hal_tim.o
                0x08007f3c                HAL_TIM_PWM_ConfigChannel
 .text.HAL_TIM_ConfigClockSource
                0x080083a8      0xa18 ./Drivers/STM32G4xx_HAL_Driver/Src/stm32g4xx_hal_tim.o
                0x080083a8                HAL_TIM_ConfigClockSource
 .text.HAL_TIM_OC_DelayElapsedCallback
                0x08008dc0       0x14 ./Drivers/STM32G4xx_HAL_Driver/Src/stm32g4xx_hal_tim.o
                0x08008dc0                HAL_TIM_OC_DelayElapsedCallback
 .text.HAL_TIM_IC_CaptureCallback
                0x08008dd4       0x14 ./Drivers/STM32G4xx_HAL_Driver/Src/stm32g4xx_hal_tim.o
                0x08008dd4                HAL_TIM_IC_CaptureCallback
 .text.HAL_TIM_PWM_PulseFinishedHalfCpltCallback
                0x08008de8       0x14 ./Drivers/STM32G4xx_HAL_Driver/Src/stm32g4xx_hal_tim.o
                0x08008de8                HAL_TIM_PWM_PulseFinishedHalfCpltCallback
 .text.HAL_TIM_TriggerCallback
                0x08008dfc       0x14 ./Drivers/STM32G4xx_HAL_Driver/Src/stm32g4xx_hal_tim.o
                0x08008dfc                HAL_TIM_TriggerCallback
 .text.HAL_TIM_ErrorCallback
                0x08008e10       0x14 ./Drivers/STM32G4xx_HAL_Driver/Src/stm32g4xx_hal_tim.o
                0x08008e10                HAL_TIM_ErrorCallback
 .text.TIM_DMAError
                0x08008e24       0x92 ./Drivers/STM32G4xx_HAL_Driver/Src/stm32g4xx_hal_tim.o
                0x08008e24                TIM_DMAError
 .text.TIM_DMADelayPulseCplt
                0x08008eb6       0xa8 ./Drivers/STM32G4xx_HAL_Driver/Src/stm32g4xx_hal_tim.o
 .text.TIM_DMADelayPulseHalfCplt
                0x08008f5e       0x68 ./Drivers/STM32G4xx_HAL_Driver/Src/stm32g4xx_hal_tim.o
                0x08008f5e                TIM_DMADelayPulseHalfCplt
 *fill*         0x08008fc6        0x2 
 .text.TIM_Base_SetConfig
                0x08008fc8      0x138 ./Drivers/STM32G4xx_HAL_Driver/Src/stm32g4xx_hal_tim.o
                0x08008fc8                TIM_Base_SetConfig
 .text.TIM_OC1_SetConfig
                0x08009100      0x174 ./Drivers/STM32G4xx_HAL_Driver/Src/stm32g4xx_hal_tim.o
 .text.TIM_OC2_SetConfig
                0x08009274      0x164 ./Drivers/STM32G4xx_HAL_Driver/Src/stm32g4xx_hal_tim.o
                0x08009274                TIM_OC2_SetConfig
 .text.TIM_OC3_SetConfig
                0x080093d8      0x164 ./Drivers/STM32G4xx_HAL_Driver/Src/stm32g4xx_hal_tim.o
 .text.TIM_OC4_SetConfig
                0x0800953c      0x164 ./Drivers/STM32G4xx_HAL_Driver/Src/stm32g4xx_hal_tim.o
 .text.TIM_OC5_SetConfig
                0x080096a0       0xc8 ./Drivers/STM32G4xx_HAL_Driver/Src/stm32g4xx_hal_tim.o
 .text.TIM_OC6_SetConfig
                0x08009768       0xcc ./Drivers/STM32G4xx_HAL_Driver/Src/stm32g4xx_hal_tim.o
 .text.TIM_TI1_ConfigInputStage
                0x08009834       0x5e ./Drivers/STM32G4xx_HAL_Driver/Src/stm32g4xx_hal_tim.o
 .text.TIM_TI2_ConfigInputStage
                0x08009892       0x60 ./Drivers/STM32G4xx_HAL_Driver/Src/stm32g4xx_hal_tim.o
 .text.TIM_ITRx_SetConfig
                0x080098f2       0x3a ./Drivers/STM32G4xx_HAL_Driver/Src/stm32g4xx_hal_tim.o
 .text.TIM_ETR_SetConfig
                0x0800992c       0x40 ./Drivers/STM32G4xx_HAL_Driver/Src/stm32g4xx_hal_tim.o
                0x0800992c                TIM_ETR_SetConfig
 .text.TIM_CCxChannelCmd
                0x0800996c       0xe4 ./Drivers/STM32G4xx_HAL_Driver/Src/stm32g4xx_hal_tim.o
                0x0800996c                TIM_CCxChannelCmd
 .text.HAL_TIMEx_MasterConfigSynchronization
                0x08009a50      0x2a0 ./Drivers/STM32G4xx_HAL_Driver/Src/stm32g4xx_hal_tim_ex.o
                0x08009a50                HAL_TIMEx_MasterConfigSynchronization
 .text.HAL_TIMEx_ConfigBreakDeadTime
                0x08009cf0      0x2d0 ./Drivers/STM32G4xx_HAL_Driver/Src/stm32g4xx_hal_tim_ex.o
                0x08009cf0                HAL_TIMEx_ConfigBreakDeadTime
 .text.HAL_TIMEx_CommutCallback
                0x08009fc0       0x14 ./Drivers/STM32G4xx_HAL_Driver/Src/stm32g4xx_hal_tim_ex.o
                0x08009fc0                HAL_TIMEx_CommutCallback
 .text.HAL_TIMEx_BreakCallback
                0x08009fd4       0x14 ./Drivers/STM32G4xx_HAL_Driver/Src/stm32g4xx_hal_tim_ex.o
                0x08009fd4                HAL_TIMEx_BreakCallback
 .text.HAL_TIMEx_Break2Callback
                0x08009fe8       0x14 ./Drivers/STM32G4xx_HAL_Driver/Src/stm32g4xx_hal_tim_ex.o
                0x08009fe8                HAL_TIMEx_Break2Callback
 .text.HAL_TIMEx_EncoderIndexCallback
                0x08009ffc       0x14 ./Drivers/STM32G4xx_HAL_Driver/Src/stm32g4xx_hal_tim_ex.o
                0x08009ffc                HAL_TIMEx_EncoderIndexCallback
 .text.HAL_TIMEx_DirectionChangeCallback
                0x0800a010       0x14 ./Drivers/STM32G4xx_HAL_Driver/Src/stm32g4xx_hal_tim_ex.o
                0x0800a010                HAL_TIMEx_DirectionChangeCallback
 .text.HAL_TIMEx_IndexErrorCallback
                0x0800a024       0x14 ./Drivers/STM32G4xx_HAL_Driver/Src/stm32g4xx_hal_tim_ex.o
                0x0800a024                HAL_TIMEx_IndexErrorCallback
 .text.HAL_TIMEx_TransitionErrorCallback
                0x0800a038       0x14 ./Drivers/STM32G4xx_HAL_Driver/Src/stm32g4xx_hal_tim_ex.o
                0x0800a038                HAL_TIMEx_TransitionErrorCallback
 .text.HAL_UART_Init
                0x0800a04c      0x13c ./Drivers/STM32G4xx_HAL_Driver/Src/stm32g4xx_hal_uart.o
                0x0800a04c                HAL_UART_Init
 .text.HAL_UART_Transmit
                0x0800a188      0x11c ./Drivers/STM32G4xx_HAL_Driver/Src/stm32g4xx_hal_uart.o
                0x0800a188                HAL_UART_Transmit
 .text.UART_SetConfig
                0x0800a2a4      0x75c ./Drivers/STM32G4xx_HAL_Driver/Src/stm32g4xx_hal_uart.o
                0x0800a2a4                UART_SetConfig
 .text.UART_AdvFeatureConfig
                0x0800aa00      0x2b0 ./Drivers/STM32G4xx_HAL_Driver/Src/stm32g4xx_hal_uart.o
                0x0800aa00                UART_AdvFeatureConfig
 .text.UART_CheckIdleState
                0x0800acb0      0x154 ./Drivers/STM32G4xx_HAL_Driver/Src/stm32g4xx_hal_uart.o
                0x0800acb0                UART_CheckIdleState
 .text.UART_WaitOnFlagUntilTimeout
                0x0800ae04       0xda ./Drivers/STM32G4xx_HAL_Driver/Src/stm32g4xx_hal_uart.o
                0x0800ae04                UART_WaitOnFlagUntilTimeout
 .text.UART_EndRxTransfer
                0x0800aede       0xcc ./Drivers/STM32G4xx_HAL_Driver/Src/stm32g4xx_hal_uart.o
 *fill*         0x0800afaa        0x2 
 .text.HAL_UARTEx_DisableFifoMode
                0x0800afac       0xc4 ./Drivers/STM32G4xx_HAL_Driver/Src/stm32g4xx_hal_uart_ex.o
                0x0800afac                HAL_UARTEx_DisableFifoMode
 .text.HAL_UARTEx_SetTxFifoThreshold
                0x0800b070      0x108 ./Drivers/STM32G4xx_HAL_Driver/Src/stm32g4xx_hal_uart_ex.o
                0x0800b070                HAL_UARTEx_SetTxFifoThreshold
 .text.HAL_UARTEx_SetRxFifoThreshold
                0x0800b178      0x108 ./Drivers/STM32G4xx_HAL_Driver/Src/stm32g4xx_hal_uart_ex.o
                0x0800b178                HAL_UARTEx_SetRxFifoThreshold
 .text.UARTEx_SetNbDataToProcess
                0x0800b280       0x9c ./Drivers/STM32G4xx_HAL_Driver/Src/stm32g4xx_hal_uart_ex.o
 .text.USB_EnableGlobalInt
                0x0800b31c       0x2e ./Drivers/STM32G4xx_HAL_Driver/Src/stm32g4xx_ll_usb.o
                0x0800b31c                USB_EnableGlobalInt
 .text.USB_DisableGlobalInt
                0x0800b34a       0x36 ./Drivers/STM32G4xx_HAL_Driver/Src/stm32g4xx_ll_usb.o
                0x0800b34a                USB_DisableGlobalInt
 .text.USB_DevInit
                0x0800b380       0x3c ./Drivers/STM32G4xx_HAL_Driver/Src/stm32g4xx_ll_usb.o
                0x0800b380                USB_DevInit
 .text.USB_ActivateEndpoint
                0x0800b3bc      0x788 ./Drivers/STM32G4xx_HAL_Driver/Src/stm32g4xx_ll_usb.o
                0x0800b3bc                USB_ActivateEndpoint
 .text.USB_DeactivateEndpoint
                0x0800bb44      0x3da ./Drivers/STM32G4xx_HAL_Driver/Src/stm32g4xx_ll_usb.o
                0x0800bb44                USB_DeactivateEndpoint
 .text.USB_EPStartXfer
                0x0800bf1e     0x1762 ./Drivers/STM32G4xx_HAL_Driver/Src/stm32g4xx_ll_usb.o
                0x0800bf1e                USB_EPStartXfer
 .text.USB_EPSetStall
                0x0800d680       0xa2 ./Drivers/STM32G4xx_HAL_Driver/Src/stm32g4xx_ll_usb.o
                0x0800d680                USB_EPSetStall
 .text.USB_EPClearStall
                0x0800d722      0x15c ./Drivers/STM32G4xx_HAL_Driver/Src/stm32g4xx_ll_usb.o
                0x0800d722                USB_EPClearStall
 .text.USB_SetDevAddress
                0x0800d87e       0x28 ./Drivers/STM32G4xx_HAL_Driver/Src/stm32g4xx_ll_usb.o
                0x0800d87e                USB_SetDevAddress
 .text.USB_DevConnect
                0x0800d8a6       0x2e ./Drivers/STM32G4xx_HAL_Driver/Src/stm32g4xx_ll_usb.o
                0x0800d8a6                USB_DevConnect
 .text.USB_ReadInterrupts
                0x0800d8d4       0x20 ./Drivers/STM32G4xx_HAL_Driver/Src/stm32g4xx_ll_usb.o
                0x0800d8d4                USB_ReadInterrupts
 .text.USB_WritePMA
                0x0800d8f4       0x84 ./Drivers/STM32G4xx_HAL_Driver/Src/stm32g4xx_ll_usb.o
                0x0800d8f4                USB_WritePMA
 .text.USB_ReadPMA
                0x0800d978       0x98 ./Drivers/STM32G4xx_HAL_Driver/Src/stm32g4xx_ll_usb.o
                0x0800d978                USB_ReadPMA
 .text.USBD_CDC_Init
                0x0800da10       0xfe ./Middlewares/ST/STM32_USB_Device_Library/Class/CDC/Src/usbd_cdc.o
 .text.USBD_CDC_DeInit
                0x0800db0e       0x74 ./Middlewares/ST/STM32_USB_Device_Library/Class/CDC/Src/usbd_cdc.o
 *fill*         0x0800db82        0x2 
 .text.USBD_CDC_Setup
                0x0800db84      0x190 ./Middlewares/ST/STM32_USB_Device_Library/Class/CDC/Src/usbd_cdc.o
 .text.USBD_CDC_DataIn
                0x0800dd14       0xca ./Middlewares/ST/STM32_USB_Device_Library/Class/CDC/Src/usbd_cdc.o
 .text.USBD_CDC_DataOut
                0x0800ddde       0x56 ./Middlewares/ST/STM32_USB_Device_Library/Class/CDC/Src/usbd_cdc.o
 .text.USBD_CDC_EP0_RxReady
                0x0800de34       0x58 ./Middlewares/ST/STM32_USB_Device_Library/Class/CDC/Src/usbd_cdc.o
 .text.USBD_CDC_GetFSCfgDesc
                0x0800de8c       0x20 ./Middlewares/ST/STM32_USB_Device_Library/Class/CDC/Src/usbd_cdc.o
 .text.USBD_CDC_GetHSCfgDesc
                0x0800deac       0x20 ./Middlewares/ST/STM32_USB_Device_Library/Class/CDC/Src/usbd_cdc.o
 .text.USBD_CDC_GetOtherSpeedCfgDesc
                0x0800decc       0x20 ./Middlewares/ST/STM32_USB_Device_Library/Class/CDC/Src/usbd_cdc.o
 .text.USBD_CDC_GetDeviceQualifierDescriptor
                0x0800deec       0x20 ./Middlewares/ST/STM32_USB_Device_Library/Class/CDC/Src/usbd_cdc.o
                0x0800deec                USBD_CDC_GetDeviceQualifierDescriptor
 .text.USBD_CDC_RegisterInterface
                0x0800df0c       0x2a ./Middlewares/ST/STM32_USB_Device_Library/Class/CDC/Src/usbd_cdc.o
                0x0800df0c                USBD_CDC_RegisterInterface
 .text.USBD_CDC_SetTxBuffer
                0x0800df36       0x3c ./Middlewares/ST/STM32_USB_Device_Library/Class/CDC/Src/usbd_cdc.o
                0x0800df36                USBD_CDC_SetTxBuffer
 .text.USBD_CDC_SetRxBuffer
                0x0800df72       0x32 ./Middlewares/ST/STM32_USB_Device_Library/Class/CDC/Src/usbd_cdc.o
                0x0800df72                USBD_CDC_SetRxBuffer
 .text.USBD_CDC_ReceivePacket
                0x0800dfa4       0x54 ./Middlewares/ST/STM32_USB_Device_Library/Class/CDC/Src/usbd_cdc.o
                0x0800dfa4                USBD_CDC_ReceivePacket
 .text.USBD_Init
                0x0800dff8       0x60 ./Middlewares/ST/STM32_USB_Device_Library/Core/Src/usbd_core.o
                0x0800dff8                USBD_Init
 .text.USBD_RegisterClass
                0x0800e058       0x4e ./Middlewares/ST/STM32_USB_Device_Library/Core/Src/usbd_core.o
                0x0800e058                USBD_RegisterClass
 .text.USBD_Start
                0x0800e0a6       0x18 ./Middlewares/ST/STM32_USB_Device_Library/Core/Src/usbd_core.o
                0x0800e0a6                USBD_Start
 .text.USBD_RunTestMode
                0x0800e0be       0x16 ./Middlewares/ST/STM32_USB_Device_Library/Core/Src/usbd_core.o
                0x0800e0be                USBD_RunTestMode
 .text.USBD_SetClassConfig
                0x0800e0d4       0x38 ./Middlewares/ST/STM32_USB_Device_Library/Core/Src/usbd_core.o
                0x0800e0d4                USBD_SetClassConfig
 .text.USBD_ClrClassConfig
                0x0800e10c       0x30 ./Middlewares/ST/STM32_USB_Device_Library/Core/Src/usbd_core.o
                0x0800e10c                USBD_ClrClassConfig
 .text.USBD_LL_SetupStage
                0x0800e13c       0xaa ./Middlewares/ST/STM32_USB_Device_Library/Core/Src/usbd_core.o
                0x0800e13c                USBD_LL_SetupStage
 .text.USBD_LL_DataOutStage
                0x0800e1e6       0xc6 ./Middlewares/ST/STM32_USB_Device_Library/Core/Src/usbd_core.o
                0x0800e1e6                USBD_LL_DataOutStage
 .text.USBD_LL_DataInStage
                0x0800e2ac      0x12c ./Middlewares/ST/STM32_USB_Device_Library/Core/Src/usbd_core.o
                0x0800e2ac                USBD_LL_DataInStage
 .text.USBD_LL_Reset
                0x0800e3d8       0x9c ./Middlewares/ST/STM32_USB_Device_Library/Core/Src/usbd_core.o
                0x0800e3d8                USBD_LL_Reset
 .text.USBD_LL_SetSpeed
                0x0800e474       0x20 ./Middlewares/ST/STM32_USB_Device_Library/Core/Src/usbd_core.o
                0x0800e474                USBD_LL_SetSpeed
 .text.USBD_LL_Suspend
                0x0800e494       0x2c ./Middlewares/ST/STM32_USB_Device_Library/Core/Src/usbd_core.o
                0x0800e494                USBD_LL_Suspend
 .text.USBD_LL_Resume
                0x0800e4c0       0x30 ./Middlewares/ST/STM32_USB_Device_Library/Core/Src/usbd_core.o
                0x0800e4c0                USBD_LL_Resume
 .text.USBD_LL_SOF
                0x0800e4f0       0x44 ./Middlewares/ST/STM32_USB_Device_Library/Core/Src/usbd_core.o
                0x0800e4f0                USBD_LL_SOF
 .text.SWAPBYTE
                0x0800e534       0x3c ./Middlewares/ST/STM32_USB_Device_Library/Core/Src/usbd_ctlreq.o
 .text.USBD_StdDevReq
                0x0800e570       0xdc ./Middlewares/ST/STM32_USB_Device_Library/Core/Src/usbd_ctlreq.o
                0x0800e570                USBD_StdDevReq
 .text.USBD_StdItfReq
                0x0800e64c       0x92 ./Middlewares/ST/STM32_USB_Device_Library/Core/Src/usbd_ctlreq.o
                0x0800e64c                USBD_StdItfReq
 .text.USBD_StdEPReq
                0x0800e6de      0x2c4 ./Middlewares/ST/STM32_USB_Device_Library/Core/Src/usbd_ctlreq.o
                0x0800e6de                USBD_StdEPReq
 *fill*         0x0800e9a2        0x2 
 .text.USBD_GetDescriptor
                0x0800e9a4      0x328 ./Middlewares/ST/STM32_USB_Device_Library/Core/Src/usbd_ctlreq.o
 .text.USBD_SetAddress
                0x0800eccc       0x88 ./Middlewares/ST/STM32_USB_Device_Library/Core/Src/usbd_ctlreq.o
 .text.USBD_SetConfig
                0x0800ed54      0x14c ./Middlewares/ST/STM32_USB_Device_Library/Core/Src/usbd_ctlreq.o
 .text.USBD_GetConfig
                0x0800eea0       0x6c ./Middlewares/ST/STM32_USB_Device_Library/Core/Src/usbd_ctlreq.o
 .text.USBD_GetStatus
                0x0800ef0c       0x68 ./Middlewares/ST/STM32_USB_Device_Library/Core/Src/usbd_ctlreq.o
 .text.USBD_SetFeature
                0x0800ef74       0x28 ./Middlewares/ST/STM32_USB_Device_Library/Core/Src/usbd_ctlreq.o
 .text.USBD_ClrFeature
                0x0800ef9c       0x44 ./Middlewares/ST/STM32_USB_Device_Library/Core/Src/usbd_ctlreq.o
 .text.USBD_ParseSetupRequest
                0x0800efe0       0x74 ./Middlewares/ST/STM32_USB_Device_Library/Core/Src/usbd_ctlreq.o
                0x0800efe0                USBD_ParseSetupRequest
 .text.USBD_CtlError
                0x0800f054       0x22 ./Middlewares/ST/STM32_USB_Device_Library/Core/Src/usbd_ctlreq.o
                0x0800f054                USBD_CtlError
 .text.USBD_GetString
                0x0800f076       0x8c ./Middlewares/ST/STM32_USB_Device_Library/Core/Src/usbd_ctlreq.o
                0x0800f076                USBD_GetString
 .text.USBD_GetLen
                0x0800f102       0x34 ./Middlewares/ST/STM32_USB_Device_Library/Core/Src/usbd_ctlreq.o
 .text.USBD_CtlSendData
                0x0800f136       0x36 ./Middlewares/ST/STM32_USB_Device_Library/Core/Src/usbd_ioreq.o
                0x0800f136                USBD_CtlSendData
 .text.USBD_CtlContinueSendData
                0x0800f16c       0x22 ./Middlewares/ST/STM32_USB_Device_Library/Core/Src/usbd_ioreq.o
                0x0800f16c                USBD_CtlContinueSendData
 .text.USBD_CtlPrepareRx
                0x0800f18e       0x3a ./Middlewares/ST/STM32_USB_Device_Library/Core/Src/usbd_ioreq.o
                0x0800f18e                USBD_CtlPrepareRx
 .text.USBD_CtlContinueRx
                0x0800f1c8       0x22 ./Middlewares/ST/STM32_USB_Device_Library/Core/Src/usbd_ioreq.o
                0x0800f1c8                USBD_CtlContinueRx
 .text.USBD_CtlSendStatus
                0x0800f1ea       0x26 ./Middlewares/ST/STM32_USB_Device_Library/Core/Src/usbd_ioreq.o
                0x0800f1ea                USBD_CtlSendStatus
 .text.USBD_CtlReceiveStatus
                0x0800f210       0x26 ./Middlewares/ST/STM32_USB_Device_Library/Core/Src/usbd_ioreq.o
                0x0800f210                USBD_CtlReceiveStatus
 *fill*         0x0800f236        0x2 
 .text.__NVIC_SetPriority
                0x0800f238       0x54 ./Middlewares/Third_Party/FreeRTOS/Source/CMSIS_RTOS_V2/cmsis_os2.o
 .text.SysTick_Handler
                0x0800f28c       0x20 ./Middlewares/Third_Party/FreeRTOS/Source/CMSIS_RTOS_V2/cmsis_os2.o
                0x0800f28c                SysTick_Handler
 .text.SVC_Setup
                0x0800f2ac       0x12 ./Middlewares/Third_Party/FreeRTOS/Source/CMSIS_RTOS_V2/cmsis_os2.o
 *fill*         0x0800f2be        0x2 
 .text.osKernelInitialize
                0x0800f2c0       0x48 ./Middlewares/Third_Party/FreeRTOS/Source/CMSIS_RTOS_V2/cmsis_os2.o
                0x0800f2c0                osKernelInitialize
 .text.osKernelStart
                0x0800f308       0x4c ./Middlewares/Third_Party/FreeRTOS/Source/CMSIS_RTOS_V2/cmsis_os2.o
                0x0800f308                osKernelStart
 .text.osThreadNew
                0x0800f354      0x124 ./Middlewares/Third_Party/FreeRTOS/Source/CMSIS_RTOS_V2/cmsis_os2.o
                0x0800f354                osThreadNew
 .text.osDelay  0x0800f478       0x36 ./Middlewares/Third_Party/FreeRTOS/Source/CMSIS_RTOS_V2/cmsis_os2.o
                0x0800f478                osDelay
 .text.TimerCallback
                0x0800f4ae       0x2a ./Middlewares/Third_Party/FreeRTOS/Source/CMSIS_RTOS_V2/cmsis_os2.o
 .text.osTimerNew
                0x0800f4d8       0xf8 ./Middlewares/Third_Party/FreeRTOS/Source/CMSIS_RTOS_V2/cmsis_os2.o
                0x0800f4d8                osTimerNew
 .text.osTimerStart
                0x0800f5d0       0x5c ./Middlewares/Third_Party/FreeRTOS/Source/CMSIS_RTOS_V2/cmsis_os2.o
                0x0800f5d0                osTimerStart
 .text.osEventFlagsNew
                0x0800f62c       0x7e ./Middlewares/Third_Party/FreeRTOS/Source/CMSIS_RTOS_V2/cmsis_os2.o
                0x0800f62c                osEventFlagsNew
 .text.osMutexNew
                0x0800f6aa      0x10c ./Middlewares/Third_Party/FreeRTOS/Source/CMSIS_RTOS_V2/cmsis_os2.o
                0x0800f6aa                osMutexNew
 .text.osMutexAcquire
                0x0800f7b6       0x96 ./Middlewares/Third_Party/FreeRTOS/Source/CMSIS_RTOS_V2/cmsis_os2.o
                0x0800f7b6                osMutexAcquire
 .text.osMutexRelease
                0x0800f84c       0x7a ./Middlewares/Third_Party/FreeRTOS/Source/CMSIS_RTOS_V2/cmsis_os2.o
                0x0800f84c                osMutexRelease
 *fill*         0x0800f8c6        0x2 
 .text.vApplicationGetIdleTaskMemory
                0x0800f8c8       0x34 ./Middlewares/Third_Party/FreeRTOS/Source/CMSIS_RTOS_V2/cmsis_os2.o
                0x0800f8c8                vApplicationGetIdleTaskMemory
 .text.vApplicationGetTimerTaskMemory
                0x0800f8fc       0x34 ./Middlewares/Third_Party/FreeRTOS/Source/CMSIS_RTOS_V2/cmsis_os2.o
                0x0800f8fc                vApplicationGetTimerTaskMemory
 .text.xEventGroupCreateStatic
                0x0800f930       0x72 ./Middlewares/Third_Party/FreeRTOS/Source/event_groups.o
                0x0800f930                xEventGroupCreateStatic
 .text.xEventGroupCreate
                0x0800f9a2       0x34 ./Middlewares/Third_Party/FreeRTOS/Source/event_groups.o
                0x0800f9a2                xEventGroupCreate
 .text.vListInitialise
                0x0800f9d6       0x40 ./Middlewares/Third_Party/FreeRTOS/Source/list.o
                0x0800f9d6                vListInitialise
 .text.vListInitialiseItem
                0x0800fa16       0x1a ./Middlewares/Third_Party/FreeRTOS/Source/list.o
                0x0800fa16                vListInitialiseItem
 .text.vListInsertEnd
                0x0800fa30       0x48 ./Middlewares/Third_Party/FreeRTOS/Source/list.o
                0x0800fa30                vListInsertEnd
 .text.vListInsert
                0x0800fa78       0x72 ./Middlewares/Third_Party/FreeRTOS/Source/list.o
                0x0800fa78                vListInsert
 .text.uxListRemove
                0x0800faea       0x54 ./Middlewares/Third_Party/FreeRTOS/Source/list.o
                0x0800faea                uxListRemove
 *fill*         0x0800fb3e        0x2 
 .text.xQueueGenericReset
                0x0800fb40       0xd4 ./Middlewares/Third_Party/FreeRTOS/Source/queue.o
                0x0800fb40                xQueueGenericReset
 .text.xQueueGenericCreateStatic
                0x0800fc14       0xfa ./Middlewares/Third_Party/FreeRTOS/Source/queue.o
                0x0800fc14                xQueueGenericCreateStatic
 .text.xQueueGenericCreate
                0x0800fd0e       0x76 ./Middlewares/Third_Party/FreeRTOS/Source/queue.o
                0x0800fd0e                xQueueGenericCreate
 .text.prvInitialiseNewQueue
                0x0800fd84       0x46 ./Middlewares/Third_Party/FreeRTOS/Source/queue.o
 .text.prvInitialiseMutex
                0x0800fdca       0x34 ./Middlewares/Third_Party/FreeRTOS/Source/queue.o
 .text.xQueueCreateMutex
                0x0800fdfe       0x30 ./Middlewares/Third_Party/FreeRTOS/Source/queue.o
                0x0800fdfe                xQueueCreateMutex
 .text.xQueueCreateMutexStatic
                0x0800fe2e       0x36 ./Middlewares/Third_Party/FreeRTOS/Source/queue.o
                0x0800fe2e                xQueueCreateMutexStatic
 .text.xQueueGiveMutexRecursive
                0x0800fe64       0x6a ./Middlewares/Third_Party/FreeRTOS/Source/queue.o
                0x0800fe64                xQueueGiveMutexRecursive
 .text.xQueueTakeMutexRecursive
                0x0800fece       0x6e ./Middlewares/Third_Party/FreeRTOS/Source/queue.o
                0x0800fece                xQueueTakeMutexRecursive
 .text.xQueueGenericSend
                0x0800ff3c      0x204 ./Middlewares/Third_Party/FreeRTOS/Source/queue.o
                0x0800ff3c                xQueueGenericSend
 .text.xQueueGenericSendFromISR
                0x08010140      0x13c ./Middlewares/Third_Party/FreeRTOS/Source/queue.o
                0x08010140                xQueueGenericSendFromISR
 .text.xQueueReceive
                0x0801027c      0x1c4 ./Middlewares/Third_Party/FreeRTOS/Source/queue.o
                0x0801027c                xQueueReceive
 .text.xQueueSemaphoreTake
                0x08010440      0x220 ./Middlewares/Third_Party/FreeRTOS/Source/queue.o
                0x08010440                xQueueSemaphoreTake
 .text.prvGetDisinheritPriorityAfterTimeout
                0x08010660       0x30 ./Middlewares/Third_Party/FreeRTOS/Source/queue.o
 .text.prvCopyDataToQueue
                0x08010690       0xd4 ./Middlewares/Third_Party/FreeRTOS/Source/queue.o
 .text.prvCopyDataFromQueue
                0x08010764       0x4c ./Middlewares/Third_Party/FreeRTOS/Source/queue.o
 .text.prvUnlockQueue
                0x080107b0       0xa4 ./Middlewares/Third_Party/FreeRTOS/Source/queue.o
 .text.prvIsQueueEmpty
                0x08010854       0x2c ./Middlewares/Third_Party/FreeRTOS/Source/queue.o
 .text.prvIsQueueFull
                0x08010880       0x30 ./Middlewares/Third_Party/FreeRTOS/Source/queue.o
 .text.vQueueAddToRegistry
                0x080108b0       0x54 ./Middlewares/Third_Party/FreeRTOS/Source/queue.o
                0x080108b0                vQueueAddToRegistry
 .text.vQueueWaitForMessageRestricted
                0x08010904       0x68 ./Middlewares/Third_Party/FreeRTOS/Source/queue.o
                0x08010904                vQueueWaitForMessageRestricted
 .text.xTaskCreateStatic
                0x0801096c       0xc0 ./Middlewares/Third_Party/FreeRTOS/Source/tasks.o
                0x0801096c                xTaskCreateStatic
 .text.xTaskCreate
                0x08010a2c       0x8a ./Middlewares/Third_Party/FreeRTOS/Source/tasks.o
                0x08010a2c                xTaskCreate
 *fill*         0x08010ab6        0x2 
 .text.prvInitialiseNewTask
                0x08010ab8      0x150 ./Middlewares/Third_Party/FreeRTOS/Source/tasks.o
 .text.prvAddNewTaskToReadyList
                0x08010c08       0xe0 ./Middlewares/Third_Party/FreeRTOS/Source/tasks.o
 .text.vTaskDelay
                0x08010ce8       0x6c ./Middlewares/Third_Party/FreeRTOS/Source/tasks.o
                0x08010ce8                vTaskDelay
 .text.vTaskStartScheduler
                0x08010d54       0xe0 ./Middlewares/Third_Party/FreeRTOS/Source/tasks.o
                0x08010d54                vTaskStartScheduler
 .text.vTaskSuspendAll
                0x08010e34       0x1c ./Middlewares/Third_Party/FreeRTOS/Source/tasks.o
                0x08010e34                vTaskSuspendAll
 .text.xTaskResumeAll
                0x08010e50      0x13c ./Middlewares/Third_Party/FreeRTOS/Source/tasks.o
                0x08010e50                xTaskResumeAll
 .text.xTaskGetTickCount
                0x08010f8c       0x20 ./Middlewares/Third_Party/FreeRTOS/Source/tasks.o
                0x08010f8c                xTaskGetTickCount
 .text.xTaskIncrementTick
                0x08010fac      0x174 ./Middlewares/Third_Party/FreeRTOS/Source/tasks.o
                0x08010fac                xTaskIncrementTick
 .text.vTaskSwitchContext
                0x08011120       0xcc ./Middlewares/Third_Party/FreeRTOS/Source/tasks.o
                0x08011120                vTaskSwitchContext
 .text.vTaskPlaceOnEventList
                0x080111ec       0x4c ./Middlewares/Third_Party/FreeRTOS/Source/tasks.o
                0x080111ec                vTaskPlaceOnEventList
 .text.vTaskPlaceOnEventListRestricted
                0x08011238       0x58 ./Middlewares/Third_Party/FreeRTOS/Source/tasks.o
                0x08011238                vTaskPlaceOnEventListRestricted
 .text.xTaskRemoveFromEventList
                0x08011290       0xc8 ./Middlewares/Third_Party/FreeRTOS/Source/tasks.o
                0x08011290                xTaskRemoveFromEventList
 .text.vTaskInternalSetTimeOutState
                0x08011358       0x2c ./Middlewares/Third_Party/FreeRTOS/Source/tasks.o
                0x08011358                vTaskInternalSetTimeOutState
 .text.xTaskCheckForTimeOut
                0x08011384       0xc8 ./Middlewares/Third_Party/FreeRTOS/Source/tasks.o
                0x08011384                xTaskCheckForTimeOut
 .text.vTaskMissedYield
                0x0801144c       0x18 ./Middlewares/Third_Party/FreeRTOS/Source/tasks.o
                0x0801144c                vTaskMissedYield
 .text.prvIdleTask
                0x08011464       0x30 ./Middlewares/Third_Party/FreeRTOS/Source/tasks.o
 .text.prvInitialiseTaskLists
                0x08011494       0x80 ./Middlewares/Third_Party/FreeRTOS/Source/tasks.o
 .text.prvCheckTasksWaitingTermination
                0x08011514       0x5c ./Middlewares/Third_Party/FreeRTOS/Source/tasks.o
 .text.prvDeleteTCB
                0x08011570       0x6a ./Middlewares/Third_Party/FreeRTOS/Source/tasks.o
 *fill*         0x080115da        0x2 
 .text.prvResetNextTaskUnblockTime
                0x080115dc       0x40 ./Middlewares/Third_Party/FreeRTOS/Source/tasks.o
 .text.xTaskGetCurrentTaskHandle
                0x0801161c       0x20 ./Middlewares/Third_Party/FreeRTOS/Source/tasks.o
                0x0801161c                xTaskGetCurrentTaskHandle
 .text.xTaskGetSchedulerState
                0x0801163c       0x3c ./Middlewares/Third_Party/FreeRTOS/Source/tasks.o
                0x0801163c                xTaskGetSchedulerState
 .text.xTaskPriorityInherit
                0x08011678       0xd0 ./Middlewares/Third_Party/FreeRTOS/Source/tasks.o
                0x08011678                xTaskPriorityInherit
 .text.xTaskPriorityDisinherit
                0x08011748       0xe0 ./Middlewares/Third_Party/FreeRTOS/Source/tasks.o
                0x08011748                xTaskPriorityDisinherit
 .text.vTaskPriorityDisinheritAfterTimeout
                0x08011828      0x108 ./Middlewares/Third_Party/FreeRTOS/Source/tasks.o
                0x08011828                vTaskPriorityDisinheritAfterTimeout
 .text.pvTaskIncrementMutexHeldCount
                0x08011930       0x28 ./Middlewares/Third_Party/FreeRTOS/Source/tasks.o
                0x08011930                pvTaskIncrementMutexHeldCount
 .text.prvAddCurrentTaskToDelayedList
                0x08011958       0xa8 ./Middlewares/Third_Party/FreeRTOS/Source/tasks.o
 .text.xTimerCreateTimerTask
                0x08011a00       0x94 ./Middlewares/Third_Party/FreeRTOS/Source/timers.o
                0x08011a00                xTimerCreateTimerTask
 .text.xTimerCreate
                0x08011a94       0x42 ./Middlewares/Third_Party/FreeRTOS/Source/timers.o
                0x08011a94                xTimerCreate
 .text.xTimerCreateStatic
                0x08011ad6       0x80 ./Middlewares/Third_Party/FreeRTOS/Source/timers.o
                0x08011ad6                xTimerCreateStatic
 .text.prvInitialiseNewTimer
                0x08011b56       0x78 ./Middlewares/Third_Party/FreeRTOS/Source/timers.o
 *fill*         0x08011bce        0x2 
 .text.xTimerGenericCommand
                0x08011bd0       0x9c ./Middlewares/Third_Party/FreeRTOS/Source/timers.o
                0x08011bd0                xTimerGenericCommand
 .text.prvProcessExpiredTimer
                0x08011c6c       0x9c ./Middlewares/Third_Party/FreeRTOS/Source/timers.o
 .text.prvTimerTask
                0x08011d08       0x26 ./Middlewares/Third_Party/FreeRTOS/Source/timers.o
 *fill*         0x08011d2e        0x2 
 .text.prvProcessTimerOrBlockTask
                0x08011d30       0x9c ./Middlewares/Third_Party/FreeRTOS/Source/timers.o
 .text.prvGetNextExpireTime
                0x08011dcc       0x48 ./Middlewares/Third_Party/FreeRTOS/Source/timers.o
 .text.prvSampleTimeNow
                0x08011e14       0x40 ./Middlewares/Third_Party/FreeRTOS/Source/timers.o
 .text.prvInsertTimerInActiveList
                0x08011e54       0x84 ./Middlewares/Third_Party/FreeRTOS/Source/timers.o
 .text.prvProcessReceivedCommands
                0x08011ed8      0x1cc ./Middlewares/Third_Party/FreeRTOS/Source/timers.o
 .text.prvSwitchTimerLists
                0x080120a4       0xcc ./Middlewares/Third_Party/FreeRTOS/Source/timers.o
 .text.prvCheckForValidListAndQueue
                0x08012170       0x80 ./Middlewares/Third_Party/FreeRTOS/Source/timers.o
 .text.pvTimerGetTimerID
                0x080121f0       0x42 ./Middlewares/Third_Party/FreeRTOS/Source/timers.o
                0x080121f0                pvTimerGetTimerID
 *fill*         0x08012232        0x2 
 .text.pxPortInitialiseStack
                0x08012234       0x68 ./Middlewares/Third_Party/FreeRTOS/Source/portable/GCC/ARM_CM4F/port.o
                0x08012234                pxPortInitialiseStack
 .text.prvTaskExitError
                0x0801229c       0x5c ./Middlewares/Third_Party/FreeRTOS/Source/portable/GCC/ARM_CM4F/port.o
 *fill*         0x080122f8        0x8 
 .text.SVC_Handler
                0x08012300       0x28 ./Middlewares/Third_Party/FreeRTOS/Source/portable/GCC/ARM_CM4F/port.o
                0x08012300                SVC_Handler
 .text.prvPortStartFirstTask
                0x08012328       0x28 ./Middlewares/Third_Party/FreeRTOS/Source/portable/GCC/ARM_CM4F/port.o
 .text.xPortStartScheduler
                0x08012350      0x148 ./Middlewares/Third_Party/FreeRTOS/Source/portable/GCC/ARM_CM4F/port.o
                0x08012350                xPortStartScheduler
 .text.vPortEnterCritical
                0x08012498       0x64 ./Middlewares/Third_Party/FreeRTOS/Source/portable/GCC/ARM_CM4F/port.o
                0x08012498                vPortEnterCritical
 .text.vPortExitCritical
                0x080124fc       0x54 ./Middlewares/Third_Party/FreeRTOS/Source/portable/GCC/ARM_CM4F/port.o
                0x080124fc                vPortExitCritical
 .text.PendSV_Handler
                0x08012550       0x68 ./Middlewares/Third_Party/FreeRTOS/Source/portable/GCC/ARM_CM4F/port.o
                0x08012550                PendSV_Handler
 .text.xPortSysTickHandler
                0x080125b8       0x44 ./Middlewares/Third_Party/FreeRTOS/Source/portable/GCC/ARM_CM4F/port.o
                0x080125b8                xPortSysTickHandler
 .text.vPortSetupTimerInterrupt
                0x080125fc       0x48 ./Middlewares/Third_Party/FreeRTOS/Source/portable/GCC/ARM_CM4F/port.o
                0x080125fc                vPortSetupTimerInterrupt
 .text.vPortEnableVFP
                0x08012644       0x14 ./Middlewares/Third_Party/FreeRTOS/Source/portable/GCC/ARM_CM4F/port.o
 .text.vPortValidateInterruptPriority
                0x08012658       0x84 ./Middlewares/Third_Party/FreeRTOS/Source/portable/GCC/ARM_CM4F/port.o
                0x08012658                vPortValidateInterruptPriority
 .text.pvPortMalloc
                0x080126dc      0x19c ./Middlewares/Third_Party/FreeRTOS/Source/portable/MemMang/heap_4.o
                0x080126dc                pvPortMalloc
 .text.vPortFree
                0x08012878       0xc8 ./Middlewares/Third_Party/FreeRTOS/Source/portable/MemMang/heap_4.o
                0x08012878                vPortFree
 .text.prvHeapInit
                0x08012940       0xc4 ./Middlewares/Third_Party/FreeRTOS/Source/portable/MemMang/heap_4.o
 .text.prvInsertBlockIntoFreeList
                0x08012a04       0xb4 ./Middlewares/Third_Party/FreeRTOS/Source/portable/MemMang/heap_4.o
 .text.MX_USB_Device_Init
                0x08012ab8       0x60 ./USB_Device/App/usb_device.o
                0x08012ab8                MX_USB_Device_Init
 .text.CDC_Init_FS
                0x08012b18       0x28 ./USB_Device/App/usbd_cdc_if.o
 .text.CDC_DeInit_FS
                0x08012b40       0x10 ./USB_Device/App/usbd_cdc_if.o
 .text.CDC_Control_FS
                0x08012b50       0xbc ./USB_Device/App/usbd_cdc_if.o
 .text.CDC_Receive_FS
                0x08012c0c       0x28 ./USB_Device/App/usbd_cdc_if.o
 .text.CDC_TransmitCplt_FS
                0x08012c34       0x22 ./USB_Device/App/usbd_cdc_if.o
 *fill*         0x08012c56        0x2 
 .text.USBD_CDC_DeviceDescriptor
                0x08012c58       0x24 ./USB_Device/App/usbd_desc.o
                0x08012c58                USBD_CDC_DeviceDescriptor
 .text.USBD_CDC_LangIDStrDescriptor
                0x08012c7c       0x24 ./USB_Device/App/usbd_desc.o
                0x08012c7c                USBD_CDC_LangIDStrDescriptor
 .text.USBD_CDC_ProductStrDescriptor
                0x08012ca0       0x3c ./USB_Device/App/usbd_desc.o
                0x08012ca0                USBD_CDC_ProductStrDescriptor
 .text.USBD_CDC_ManufacturerStrDescriptor
                0x08012cdc       0x28 ./USB_Device/App/usbd_desc.o
                0x08012cdc                USBD_CDC_ManufacturerStrDescriptor
 .text.USBD_CDC_SerialStrDescriptor
                0x08012d04       0x24 ./USB_Device/App/usbd_desc.o
                0x08012d04                USBD_CDC_SerialStrDescriptor
 .text.USBD_CDC_ConfigStrDescriptor
                0x08012d28       0x3c ./USB_Device/App/usbd_desc.o
                0x08012d28                USBD_CDC_ConfigStrDescriptor
 .text.USBD_CDC_InterfaceStrDescriptor
                0x08012d64       0x3c ./USB_Device/App/usbd_desc.o
                0x08012d64                USBD_CDC_InterfaceStrDescriptor
 .text.Get_SerialNum
                0x08012da0       0x58 ./USB_Device/App/usbd_desc.o
 .text.IntToUnicode
                0x08012df8       0x7e ./USB_Device/App/usbd_desc.o
 *fill*         0x08012e76        0x2 
 .text.HAL_PCD_MspInit
                0x08012e78       0x78 ./USB_Device/Target/usbd_conf.o
                0x08012e78                HAL_PCD_MspInit
 .text.HAL_PCD_SetupStageCallback
                0x08012ef0       0x24 ./USB_Device/Target/usbd_conf.o
                0x08012ef0                HAL_PCD_SetupStageCallback
 .text.HAL_PCD_DataOutStageCallback
                0x08012f14       0x36 ./USB_Device/Target/usbd_conf.o
                0x08012f14                HAL_PCD_DataOutStageCallback
 .text.HAL_PCD_DataInStageCallback
                0x08012f4a       0x34 ./USB_Device/Target/usbd_conf.o
                0x08012f4a                HAL_PCD_DataInStageCallback
 .text.HAL_PCD_SOFCallback
                0x08012f7e       0x1c ./USB_Device/Target/usbd_conf.o
                0x08012f7e                HAL_PCD_SOFCallback
 .text.HAL_PCD_ResetCallback
                0x08012f9a       0x3c ./USB_Device/Target/usbd_conf.o
                0x08012f9a                HAL_PCD_ResetCallback
 *fill*         0x08012fd6        0x2 
 .text.HAL_PCD_SuspendCallback
                0x08012fd8       0x34 ./USB_Device/Target/usbd_conf.o
                0x08012fd8                HAL_PCD_SuspendCallback
 .text.HAL_PCD_ResumeCallback
                0x0801300c       0x38 ./USB_Device/Target/usbd_conf.o
                0x0801300c                HAL_PCD_ResumeCallback
 .text.USBD_LL_Init
                0x08013044       0xc0 ./USB_Device/Target/usbd_conf.o
                0x08013044                USBD_LL_Init
 .text.USBD_LL_Start
                0x08013104       0x36 ./USB_Device/Target/usbd_conf.o
                0x08013104                USBD_LL_Start
 .text.USBD_LL_OpenEP
                0x0801313a       0x4c ./USB_Device/Target/usbd_conf.o
                0x0801313a                USBD_LL_OpenEP
 .text.USBD_LL_CloseEP
                0x08013186       0x3e ./USB_Device/Target/usbd_conf.o
                0x08013186                USBD_LL_CloseEP
 .text.USBD_LL_StallEP
                0x080131c4       0x3e ./USB_Device/Target/usbd_conf.o
                0x080131c4                USBD_LL_StallEP
 .text.USBD_LL_ClearStallEP
                0x08013202       0x3e ./USB_Device/Target/usbd_conf.o
                0x08013202                USBD_LL_ClearStallEP
 .text.USBD_LL_IsStallEP
                0x08013240       0x58 ./USB_Device/Target/usbd_conf.o
                0x08013240                USBD_LL_IsStallEP
 .text.USBD_LL_SetUSBAddress
                0x08013298       0x3e ./USB_Device/Target/usbd_conf.o
                0x08013298                USBD_LL_SetUSBAddress
 .text.USBD_LL_Transmit
                0x080132d6       0x42 ./USB_Device/Target/usbd_conf.o
                0x080132d6                USBD_LL_Transmit
 .text.USBD_LL_PrepareReceive
                0x08013318       0x42 ./USB_Device/Target/usbd_conf.o
                0x08013318                USBD_LL_PrepareReceive
 .text.USBD_LL_GetRxDataSize
                0x0801335a       0x26 ./USB_Device/Target/usbd_conf.o
                0x0801335a                USBD_LL_GetRxDataSize
 .text.HAL_PCDEx_LPM_Callback
                0x08013380       0x6c ./USB_Device/Target/usbd_conf.o
                0x08013380                HAL_PCDEx_LPM_Callback
 .text.USBD_static_malloc
                0x080133ec       0x1c ./USB_Device/Target/usbd_conf.o
                0x080133ec                USBD_static_malloc
 .text.USBD_static_free
                0x08013408       0x14 ./USB_Device/Target/usbd_conf.o
                0x08013408                USBD_static_free
 .text.SystemClockConfig_Resume
                0x0801341c        0xc ./USB_Device/Target/usbd_conf.o
 .text.USBD_Get_USB_Status
                0x08013428       0x58 ./USB_Device/Target/usbd_conf.o
 .text.malloc   0x08013480       0x10 D:/Softwares/STM32CubeIDE_1.15.1/STM32CubeIDE/plugins/com.st.stm32cube.ide.mcu.externaltools.gnu-tools-for-stm32.12.3.rel1.win32_1.0.100.202403111256/tools/bin/../lib/gcc/arm-none-eabi/12.3.1/../../../../arm-none-eabi/lib/thumb/v7e-m+fp/hard\libc_nano.a(libc_a-malloc.o)
                0x08013480                malloc
 .text.sbrk_aligned
                0x08013490       0x44 D:/Softwares/STM32CubeIDE_1.15.1/STM32CubeIDE/plugins/com.st.stm32cube.ide.mcu.externaltools.gnu-tools-for-stm32.12.3.rel1.win32_1.0.100.202403111256/tools/bin/../lib/gcc/arm-none-eabi/12.3.1/../../../../arm-none-eabi/lib/thumb/v7e-m+fp/hard\libc_nano.a(libc_a-mallocr.o)
 .text._malloc_r
                0x080134d4      0x100 D:/Softwares/STM32CubeIDE_1.15.1/STM32CubeIDE/plugins/com.st.stm32cube.ide.mcu.externaltools.gnu-tools-for-stm32.12.3.rel1.win32_1.0.100.202403111256/tools/bin/../lib/gcc/arm-none-eabi/12.3.1/../../../../arm-none-eabi/lib/thumb/v7e-m+fp/hard\libc_nano.a(libc_a-mallocr.o)
                0x080134d4                _malloc_r
 .text.__malloc_lock
                0x080135d4        0xc D:/Softwares/STM32CubeIDE_1.15.1/STM32CubeIDE/plugins/com.st.stm32cube.ide.mcu.externaltools.gnu-tools-for-stm32.12.3.rel1.win32_1.0.100.202403111256/tools/bin/../lib/gcc/arm-none-eabi/12.3.1/../../../../arm-none-eabi/lib/thumb/v7e-m+fp/hard\libc_nano.a(libc_a-mlock.o)
                0x080135d4                __malloc_lock
 .text.__malloc_unlock
                0x080135e0        0xc D:/Softwares/STM32CubeIDE_1.15.1/STM32CubeIDE/plugins/com.st.stm32cube.ide.mcu.externaltools.gnu-tools-for-stm32.12.3.rel1.win32_1.0.100.202403111256/tools/bin/../lib/gcc/arm-none-eabi/12.3.1/../../../../arm-none-eabi/lib/thumb/v7e-m+fp/hard\libc_nano.a(libc_a-mlock.o)
                0x080135e0                __malloc_unlock
 .text.std      0x080135ec       0x6c D:/Softwares/STM32CubeIDE_1.15.1/STM32CubeIDE/plugins/com.st.stm32cube.ide.mcu.externaltools.gnu-tools-for-stm32.12.3.rel1.win32_1.0.100.202403111256/tools/bin/../lib/gcc/arm-none-eabi/12.3.1/../../../../arm-none-eabi/lib/thumb/v7e-m+fp/hard\libc_nano.a(libc_a-findfp.o)
 .text.stdio_exit_handler
                0x08013658       0x18 D:/Softwares/STM32CubeIDE_1.15.1/STM32CubeIDE/plugins/com.st.stm32cube.ide.mcu.externaltools.gnu-tools-for-stm32.12.3.rel1.win32_1.0.100.202403111256/tools/bin/../lib/gcc/arm-none-eabi/12.3.1/../../../../arm-none-eabi/lib/thumb/v7e-m+fp/hard\libc_nano.a(libc_a-findfp.o)
 .text.cleanup_stdio
                0x08013670       0x40 D:/Softwares/STM32CubeIDE_1.15.1/STM32CubeIDE/plugins/com.st.stm32cube.ide.mcu.externaltools.gnu-tools-for-stm32.12.3.rel1.win32_1.0.100.202403111256/tools/bin/../lib/gcc/arm-none-eabi/12.3.1/../../../../arm-none-eabi/lib/thumb/v7e-m+fp/hard\libc_nano.a(libc_a-findfp.o)
 .text.global_stdio_init.part.0
                0x080136b0       0x3c D:/Softwares/STM32CubeIDE_1.15.1/STM32CubeIDE/plugins/com.st.stm32cube.ide.mcu.externaltools.gnu-tools-for-stm32.12.3.rel1.win32_1.0.100.202403111256/tools/bin/../lib/gcc/arm-none-eabi/12.3.1/../../../../arm-none-eabi/lib/thumb/v7e-m+fp/hard\libc_nano.a(libc_a-findfp.o)
 .text.__sfp_lock_acquire
                0x080136ec        0xc D:/Softwares/STM32CubeIDE_1.15.1/STM32CubeIDE/plugins/com.st.stm32cube.ide.mcu.externaltools.gnu-tools-for-stm32.12.3.rel1.win32_1.0.100.202403111256/tools/bin/../lib/gcc/arm-none-eabi/12.3.1/../../../../arm-none-eabi/lib/thumb/v7e-m+fp/hard\libc_nano.a(libc_a-findfp.o)
                0x080136ec                __sfp_lock_acquire
 .text.__sfp_lock_release
                0x080136f8        0xc D:/Softwares/STM32CubeIDE_1.15.1/STM32CubeIDE/plugins/com.st.stm32cube.ide.mcu.externaltools.gnu-tools-for-stm32.12.3.rel1.win32_1.0.100.202403111256/tools/bin/../lib/gcc/arm-none-eabi/12.3.1/../../../../arm-none-eabi/lib/thumb/v7e-m+fp/hard\libc_nano.a(libc_a-findfp.o)
                0x080136f8                __sfp_lock_release
 .text.__sinit  0x08013704       0x30 D:/Softwares/STM32CubeIDE_1.15.1/STM32CubeIDE/plugins/com.st.stm32cube.ide.mcu.externaltools.gnu-tools-for-stm32.12.3.rel1.win32_1.0.100.202403111256/tools/bin/../lib/gcc/arm-none-eabi/12.3.1/../../../../arm-none-eabi/lib/thumb/v7e-m+fp/hard\libc_nano.a(libc_a-findfp.o)
                0x08013704                __sinit
 .text._fwalk_sglue
                0x08013734       0x3c D:/Softwares/STM32CubeIDE_1.15.1/STM32CubeIDE/plugins/com.st.stm32cube.ide.mcu.externaltools.gnu-tools-for-stm32.12.3.rel1.win32_1.0.100.202403111256/tools/bin/../lib/gcc/arm-none-eabi/12.3.1/../../../../arm-none-eabi/lib/thumb/v7e-m+fp/hard\libc_nano.a(libc_a-fwalk.o)
                0x08013734                _fwalk_sglue
 .text._puts_r  0x08013770       0xaa D:/Softwares/STM32CubeIDE_1.15.1/STM32CubeIDE/plugins/com.st.stm32cube.ide.mcu.externaltools.gnu-tools-for-stm32.12.3.rel1.win32_1.0.100.202403111256/tools/bin/../lib/gcc/arm-none-eabi/12.3.1/../../../../arm-none-eabi/lib/thumb/v7e-m+fp/hard\libc_nano.a(libc_a-puts.o)
                0x08013770                _puts_r
 *fill*         0x0801381a        0x2 
 .text.puts     0x0801381c       0x10 D:/Softwares/STM32CubeIDE_1.15.1/STM32CubeIDE/plugins/com.st.stm32cube.ide.mcu.externaltools.gnu-tools-for-stm32.12.3.rel1.win32_1.0.100.202403111256/tools/bin/../lib/gcc/arm-none-eabi/12.3.1/../../../../arm-none-eabi/lib/thumb/v7e-m+fp/hard\libc_nano.a(libc_a-puts.o)
                0x0801381c                puts
 .text.__sread  0x0801382c       0x22 D:/Softwares/STM32CubeIDE_1.15.1/STM32CubeIDE/plugins/com.st.stm32cube.ide.mcu.externaltools.gnu-tools-for-stm32.12.3.rel1.win32_1.0.100.202403111256/tools/bin/../lib/gcc/arm-none-eabi/12.3.1/../../../../arm-none-eabi/lib/thumb/v7e-m+fp/hard\libc_nano.a(libc_a-stdio.o)
                0x0801382c                __sread
 .text.__swrite
                0x0801384e       0x38 D:/Softwares/STM32CubeIDE_1.15.1/STM32CubeIDE/plugins/com.st.stm32cube.ide.mcu.externaltools.gnu-tools-for-stm32.12.3.rel1.win32_1.0.100.202403111256/tools/bin/../lib/gcc/arm-none-eabi/12.3.1/../../../../arm-none-eabi/lib/thumb/v7e-m+fp/hard\libc_nano.a(libc_a-stdio.o)
                0x0801384e                __swrite
 .text.__sseek  0x08013886       0x24 D:/Softwares/STM32CubeIDE_1.15.1/STM32CubeIDE/plugins/com.st.stm32cube.ide.mcu.externaltools.gnu-tools-for-stm32.12.3.rel1.win32_1.0.100.202403111256/tools/bin/../lib/gcc/arm-none-eabi/12.3.1/../../../../arm-none-eabi/lib/thumb/v7e-m+fp/hard\libc_nano.a(libc_a-stdio.o)
                0x08013886                __sseek
 .text.__sclose
                0x080138aa        0x8 D:/Softwares/STM32CubeIDE_1.15.1/STM32CubeIDE/plugins/com.st.stm32cube.ide.mcu.externaltools.gnu-tools-for-stm32.12.3.rel1.win32_1.0.100.202403111256/tools/bin/../lib/gcc/arm-none-eabi/12.3.1/../../../../arm-none-eabi/lib/thumb/v7e-m+fp/hard\libc_nano.a(libc_a-stdio.o)
                0x080138aa                __sclose
 .text.__swbuf_r
                0x080138b2       0x7c D:/Softwares/STM32CubeIDE_1.15.1/STM32CubeIDE/plugins/com.st.stm32cube.ide.mcu.externaltools.gnu-tools-for-stm32.12.3.rel1.win32_1.0.100.202403111256/tools/bin/../lib/gcc/arm-none-eabi/12.3.1/../../../../arm-none-eabi/lib/thumb/v7e-m+fp/hard\libc_nano.a(libc_a-wbuf.o)
                0x080138b2                __swbuf_r
 *fill*         0x0801392e        0x2 
 .text.__swsetup_r
                0x08013930       0xac D:/Softwares/STM32CubeIDE_1.15.1/STM32CubeIDE/plugins/com.st.stm32cube.ide.mcu.externaltools.gnu-tools-for-stm32.12.3.rel1.win32_1.0.100.202403111256/tools/bin/../lib/gcc/arm-none-eabi/12.3.1/../../../../arm-none-eabi/lib/thumb/v7e-m+fp/hard\libc_nano.a(libc_a-wsetup.o)
                0x08013930                __swsetup_r