D:\Softwares\STM32CubeIDE_1.15.1\STM32CubeIDE\plugins\com.st.stm32cube.ide.mcu.externaltools.gnu-tools-for-stm32.12.3.rel1.win32_1.0.100.202403111256\tools\arm-none-eabi\include\c++\12.3.1\arm-none-eabi\thumb\v7e-m+fp\hard\bits\c++config.h:516:3:constexpr bool std::__is_constant_evaluated()	4	static
D:\Softwares\STM32CubeIDE_1.15.1\STM32CubeIDE\plugins\com.st.stm32cube.ide.mcu.externaltools.gnu-tools-for-stm32.12.3.rel1.win32_1.0.100.202403111256\tools\arm-none-eabi\include\c++\12.3.1\arm-none-eabi\thumb\v7e-m+fp\hard\bits\gthr-default.h:229:1:int __gthread_key_delete(__gthread_key_t)	16	static
D:/Embedded/MAV/CubeIDE/Control/Inc/Teleop.hpp:27:5:ExponentialAverageFilter::ExponentialAverageFilter(float)	16	static
D:/Embedded/MAV/CubeIDE/Control/Inc/Teleop.hpp:34:11:float ExponentialAverageFilter::update(float)	16	static
D:/Embedded/MAV/CubeIDE/Control/Inc/PID.hpp:96:22:float PIDController::getOutput() const	16	static
D:/Embedded/MAV/CubeIDE/Control/Inc/Teleop.hpp:102:9:constexpr Teleop::FloatXYZ::FloatXYZ()	16	static
D:/Embedded/MAV/CubeIDE/Control/Inc/Teleop.hpp:117:9:constexpr Teleop::FlightControl::FlightControl()	16	static
../Control/Src/Teleop.cpp:17:6:void eventFlagSet(FCMode)	16	static
D:/Embedded/MAV/CubeIDE/Control/Inc/Teleop.hpp:82:20:auto deadZone(T, T, T) [with T = int]	32	static
../Control/Src/Teleop.cpp:21:6:static void Teleop::dataSet(const RCData&)	64	static
D:\Softwares\STM32CubeIDE_1.15.1\STM32CubeIDE\plugins\com.st.stm32cube.ide.mcu.externaltools.gnu-tools-for-stm32.12.3.rel1.win32_1.0.100.202403111256\tools\bin/../lib/gcc/arm-none-eabi/12.3.1/../../../../arm-none-eabi/include/c++/12.3.1/tuple:1401:5:>&&) [with unsigned int __i = 0; _Elements = {Chassis::FloatAngle}]	16	static
D:\Softwares\STM32CubeIDE_1.15.1\STM32CubeIDE\plugins\com.st.stm32cube.ide.mcu.externaltools.gnu-tools-for-stm32.12.3.rel1.win32_1.0.100.202403111256\tools\bin/../lib/gcc/arm-none-eabi/12.3.1/../../../../arm-none-eabi/include/c++/12.3.1/tuple:1369:5:>&) [with unsigned int __i = 0; _Head = Chassis::FloatAngle; _Tail = {}]	16	static
D:\Softwares\STM32CubeIDE_1.15.1\STM32CubeIDE\plugins\com.st.stm32cube.ide.mcu.externaltools.gnu-tools-for-stm32.12.3.rel1.win32_1.0.100.202403111256\tools\bin/../lib/gcc/arm-none-eabi/12.3.1/../../../../arm-none-eabi/include/c++/12.3.1/tuple:427:7:static constexpr const _Head& std::_Tuple_impl<_Idx, _Head>::_M_head(const std::_Tuple_impl<_Idx, _Head>&) [with unsigned int _Idx = 0; _Head = Chassis::FloatAngle]	16	static
D:\Softwares\STM32CubeIDE_1.15.1\STM32CubeIDE\plugins\com.st.stm32cube.ide.mcu.externaltools.gnu-tools-for-stm32.12.3.rel1.win32_1.0.100.202403111256\tools\bin/../lib/gcc/arm-none-eabi/12.3.1/../../../../arm-none-eabi/include/c++/12.3.1/tuple:236:7:static constexpr const _Head& std::_Head_base<_Idx, _Head, false>::_M_head(const std::_Head_base<_Idx, _Head, false>&) [with unsigned int _Idx = 0; _Head = Chassis::FloatAngle]	16	static
D:\Softwares\STM32CubeIDE_1.15.1\STM32CubeIDE\plugins\com.st.stm32cube.ide.mcu.externaltools.gnu-tools-for-stm32.12.3.rel1.win32_1.0.100.202403111256\tools\arm-none-eabi\include\c++\12.3.1\bits\move.h:77:5:constexpr _Tp&& std::forward(typename remove_reference<_Tp>::type&) [with _Tp = const Chassis::FloatAngle]	16	static
../Control/Src/Teleop.cpp:50:6:static void Teleop::attitudeControlOuter(float)	32	static
D:\Softwares\STM32CubeIDE_1.15.1\STM32CubeIDE\plugins\com.st.stm32cube.ide.mcu.externaltools.gnu-tools-for-stm32.12.3.rel1.win32_1.0.100.202403111256\tools\bin/../lib/gcc/arm-none-eabi/12.3.1/../../../../arm-none-eabi/include/c++/12.3.1/tuple:1401:5:>&&) [with unsigned int __i = 0; _Elements = {Chassis::FloatGyro}]	16	static
D:\Softwares\STM32CubeIDE_1.15.1\STM32CubeIDE\plugins\com.st.stm32cube.ide.mcu.externaltools.gnu-tools-for-stm32.12.3.rel1.win32_1.0.100.202403111256\tools\bin/../lib/gcc/arm-none-eabi/12.3.1/../../../../arm-none-eabi/include/c++/12.3.1/tuple:1369:5:>&) [with unsigned int __i = 0; _Head = Chassis::FloatGyro; _Tail = {}]	16	static
D:\Softwares\STM32CubeIDE_1.15.1\STM32CubeIDE\plugins\com.st.stm32cube.ide.mcu.externaltools.gnu-tools-for-stm32.12.3.rel1.win32_1.0.100.202403111256\tools\bin/../lib/gcc/arm-none-eabi/12.3.1/../../../../arm-none-eabi/include/c++/12.3.1/tuple:427:7:static constexpr const _Head& std::_Tuple_impl<_Idx, _Head>::_M_head(const std::_Tuple_impl<_Idx, _Head>&) [with unsigned int _Idx = 0; _Head = Chassis::FloatGyro]	16	static
D:\Softwares\STM32CubeIDE_1.15.1\STM32CubeIDE\plugins\com.st.stm32cube.ide.mcu.externaltools.gnu-tools-for-stm32.12.3.rel1.win32_1.0.100.202403111256\tools\bin/../lib/gcc/arm-none-eabi/12.3.1/../../../../arm-none-eabi/include/c++/12.3.1/tuple:236:7:static constexpr const _Head& std::_Head_base<_Idx, _Head, false>::_M_head(const std::_Head_base<_Idx, _Head, false>&) [with unsigned int _Idx = 0; _Head = Chassis::FloatGyro]	16	static
D:\Softwares\STM32CubeIDE_1.15.1\STM32CubeIDE\plugins\com.st.stm32cube.ide.mcu.externaltools.gnu-tools-for-stm32.12.3.rel1.win32_1.0.100.202403111256\tools\arm-none-eabi\include\c++\12.3.1\bits\move.h:77:5:constexpr _Tp&& std::forward(typename remove_reference<_Tp>::type&) [with _Tp = const Chassis::FloatGyro]	16	static
../Control/Src/Teleop.cpp:57:6:static void Teleop::attitudeControlInter(float)	64	static
D:\Softwares\STM32CubeIDE_1.15.1\STM32CubeIDE\plugins\com.st.stm32cube.ide.mcu.externaltools.gnu-tools-for-stm32.12.3.rel1.win32_1.0.100.202403111256\tools\arm-none-eabi\include\c++\12.3.1\bits\stl_algo.h:3621:5:constexpr const _Tp& std::clamp(const _Tp&, const _Tp&, const _Tp&) [with _Tp = float]	24	static
D:/Embedded/MAV/CubeIDE/Control/Inc/Chassis.hpp:153:20:Chassis::dataGet<FloatAngle>()::<lambda()> [with T = Chassis::FloatAngle]	48	static
D:/Embedded/MAV/CubeIDE/Control/Inc/Chassis.hpp:152:46:> Chassis::dataGet() [with Args = {FloatAngle}]	32	static
D:/Embedded/MAV/CubeIDE/Control/Inc/Chassis.hpp:153:20:Chassis::dataGet<FloatGyro>()::<lambda()> [with T = Chassis::FloatGyro]	48	static
D:/Embedded/MAV/CubeIDE/Control/Inc/Chassis.hpp:152:46:> Chassis::dataGet() [with Args = {FloatGyro}]	32	static
D:\Softwares\STM32CubeIDE_1.15.1\STM32CubeIDE\plugins\com.st.stm32cube.ide.mcu.externaltools.gnu-tools-for-stm32.12.3.rel1.win32_1.0.100.202403111256\tools\arm-none-eabi\include\c++\12.3.1\bits\stl_algobase.h:254:5:constexpr const _Tp& std::max(const _Tp&, const _Tp&) [with _Tp = float]	16	static
D:\Softwares\STM32CubeIDE_1.15.1\STM32CubeIDE\plugins\com.st.stm32cube.ide.mcu.externaltools.gnu-tools-for-stm32.12.3.rel1.win32_1.0.100.202403111256\tools\arm-none-eabi\include\c++\12.3.1\bits\stl_algobase.h:230:5:constexpr const _Tp& std::min(const _Tp&, const _Tp&) [with _Tp = float]	16	static
D:\Softwares\STM32CubeIDE_1.15.1\STM32CubeIDE\plugins\com.st.stm32cube.ide.mcu.externaltools.gnu-tools-for-stm32.12.3.rel1.win32_1.0.100.202403111256\tools\bin/../lib/gcc/arm-none-eabi/12.3.1/../../../../arm-none-eabi/include/c++/12.3.1/tuple:742:2:>(), bool>::type <anonymous> = true; _Elements = {Chassis::FloatAngle}]	24	static
D:\Softwares\STM32CubeIDE_1.15.1\STM32CubeIDE\plugins\com.st.stm32cube.ide.mcu.externaltools.gnu-tools-for-stm32.12.3.rel1.win32_1.0.100.202403111256\tools\bin/../lib/gcc/arm-none-eabi/12.3.1/../../../../arm-none-eabi/include/c++/12.3.1/tuple:742:2:>(), bool>::type <anonymous> = true; _Elements = {Chassis::FloatGyro}]	24	static
D:\Softwares\STM32CubeIDE_1.15.1\STM32CubeIDE\plugins\com.st.stm32cube.ide.mcu.externaltools.gnu-tools-for-stm32.12.3.rel1.win32_1.0.100.202403111256\tools\arm-none-eabi\include\c++\12.3.1\bits\move.h:77:5:constexpr _Tp&& std::forward(typename remove_reference<_Tp>::type&) [with _Tp = Chassis::FloatAngle]	16	static
D:\Softwares\STM32CubeIDE_1.15.1\STM32CubeIDE\plugins\com.st.stm32cube.ide.mcu.externaltools.gnu-tools-for-stm32.12.3.rel1.win32_1.0.100.202403111256\tools\bin/../lib/gcc/arm-none-eabi/12.3.1/../../../../arm-none-eabi/include/c++/12.3.1/tuple:440:2:constexpr std::_Tuple_impl<_Idx, _Head>::_Tuple_impl(_UHead&&) [with _UHead = Chassis::FloatAngle; unsigned int _Idx = 0; _Head = Chassis::FloatAngle]	24	static
D:\Softwares\STM32CubeIDE_1.15.1\STM32CubeIDE\plugins\com.st.stm32cube.ide.mcu.externaltools.gnu-tools-for-stm32.12.3.rel1.win32_1.0.100.202403111256\tools\arm-none-eabi\include\c++\12.3.1\bits\move.h:77:5:constexpr _Tp&& std::forward(typename remove_reference<_Tp>::type&) [with _Tp = Chassis::FloatGyro]	16	static
D:\Softwares\STM32CubeIDE_1.15.1\STM32CubeIDE\plugins\com.st.stm32cube.ide.mcu.externaltools.gnu-tools-for-stm32.12.3.rel1.win32_1.0.100.202403111256\tools\bin/../lib/gcc/arm-none-eabi/12.3.1/../../../../arm-none-eabi/include/c++/12.3.1/tuple:440:2:constexpr std::_Tuple_impl<_Idx, _Head>::_Tuple_impl(_UHead&&) [with _UHead = Chassis::FloatGyro; unsigned int _Idx = 0; _Head = Chassis::FloatGyro]	24	static
D:\Softwares\STM32CubeIDE_1.15.1\STM32CubeIDE\plugins\com.st.stm32cube.ide.mcu.externaltools.gnu-tools-for-stm32.12.3.rel1.win32_1.0.100.202403111256\tools\bin/../lib/gcc/arm-none-eabi/12.3.1/../../../../arm-none-eabi/include/c++/12.3.1/tuple:199:19:constexpr std::_Head_base<_Idx, _Head, false>::_Head_base(_UHead&&) [with _UHead = Chassis::FloatAngle; unsigned int _Idx = 0; _Head = Chassis::FloatAngle]	16	static
D:\Softwares\STM32CubeIDE_1.15.1\STM32CubeIDE\plugins\com.st.stm32cube.ide.mcu.externaltools.gnu-tools-for-stm32.12.3.rel1.win32_1.0.100.202403111256\tools\bin/../lib/gcc/arm-none-eabi/12.3.1/../../../../arm-none-eabi/include/c++/12.3.1/tuple:199:19:constexpr std::_Head_base<_Idx, _Head, false>::_Head_base(_UHead&&) [with _UHead = Chassis::FloatGyro; unsigned int _Idx = 0; _Head = Chassis::FloatGyro]	16	static
../Control/Src/Teleop.cpp:71:1:void __static_initialization_and_destruction_0(int, int)	16	static
../Control/Src/Teleop.cpp:71:1:cpp)	8	static
